INFO  [pool-3-thread-1] 2026-02-22 19:05:59,586 repast.simphony.batch.ssh.LocalDonePoller - Polled C:\Users\fniet\AppData\Local\Temp\simphony_model_1771797356800 for DONE:  no
INFO  [pool-3-thread-1] 2026-02-22 19:06:59,592 repast.simphony.batch.ssh.LocalDonePoller - Polled C:\Users\fniet\AppData\Local\Temp\simphony_model_1771797356800 for DONE:  no
INFO  [pool-3-thread-1] 2026-02-22 19:07:59,597 repast.simphony.batch.ssh.LocalDonePoller - Polled C:\Users\fniet\AppData\Local\Temp\simphony_model_1771797356800 for DONE:  no
INFO  [pool-3-thread-1] 2026-02-22 19:08:59,607 repast.simphony.batch.ssh.LocalDonePoller - Polled C:\Users\fniet\AppData\Local\Temp\simphony_model_1771797356800 for DONE:  no
INFO  [pool-3-thread-1] 2026-02-22 19:09:59,618 repast.simphony.batch.ssh.LocalDonePoller - Polled C:\Users\fniet\AppData\Local\Temp\simphony_model_1771797356800 for DONE:  no
INFO  [pool-3-thread-1] 2026-02-22 19:10:59,625 repast.simphony.batch.ssh.LocalDonePoller - Polled C:\Users\fniet\AppData\Local\Temp\simphony_model_1771797356800 for DONE:  no
INFO  [pool-3-thread-1] 2026-02-22 19:11:59,626 repast.simphony.batch.ssh.LocalDonePoller - Polled C:\Users\fniet\AppData\Local\Temp\simphony_model_1771797356800 for DONE:  no
INFO  [pool-3-thread-1] 2026-02-22 19:12:59,637 repast.simphony.batch.ssh.LocalDonePoller - Polled C:\Users\fniet\AppData\Local\Temp\simphony_model_1771797356800 for DONE:  no
INFO  [pool-3-thread-1] 2026-02-22 19:13:59,648 repast.simphony.batch.ssh.LocalDonePoller - Polled C:\Users\fniet\AppData\Local\Temp\simphony_model_1771797356800 for DONE:  no
INFO  [pool-3-thread-1] 2026-02-22 19:14:59,655 repast.simphony.batch.ssh.LocalDonePoller - Polled C:\Users\fniet\AppData\Local\Temp\simphony_model_1771797356800 for DONE:  no
INFO  [pool-3-thread-1] 2026-02-22 19:15:59,659 repast.simphony.batch.ssh.LocalDonePoller - Polled C:\Users\fniet\AppData\Local\Temp\simphony_model_1771797356800 for DONE:  no
INFO  [pool-3-thread-1] 2026-02-22 19:16:59,671 repast.simphony.batch.ssh.LocalDonePoller - Polled C:\Users\fniet\AppData\Local\Temp\simphony_model_1771797356800 for DONE:  no
INFO  [pool-3-thread-1] 2026-02-22 19:17:59,698 repast.simphony.batch.ssh.LocalDonePoller - Polled C:\Users\fniet\AppData\Local\Temp\simphony_model_1771797356800 for DONE:  no
INFO  [pool-3-thread-1] 2026-02-22 19:18:59,737 repast.simphony.batch.ssh.LocalDonePoller - Polled C:\Users\fniet\AppData\Local\Temp\simphony_model_1771797356800 for DONE:  no
INFO  [pool-3-thread-1] 2026-02-22 19:19:59,774 repast.simphony.batch.ssh.LocalDonePoller - Polled C:\Users\fniet\AppData\Local\Temp\simphony_model_1771797356800 for DONE:  no
INFO  [pool-3-thread-1] 2026-02-22 19:20:59,813 repast.simphony.batch.ssh.LocalDonePoller - Polled C:\Users\fniet\AppData\Local\Temp\simphony_model_1771797356800 for DONE:  no
INFO  [pool-3-thread-1] 2026-02-22 19:21:59,848 repast.simphony.batch.ssh.LocalDonePoller - Polled C:\Users\fniet\AppData\Local\Temp\simphony_model_1771797356800 for DONE:  no
INFO  [pool-3-thread-1] 2026-02-22 19:22:59,894 repast.simphony.batch.ssh.LocalDonePoller - Polled C:\Users\fniet\AppData\Local\Temp\simphony_model_1771797356800 for DONE:  no
INFO  [pool-3-thread-1] 2026-02-22 19:23:59,917 repast.simphony.batch.ssh.LocalDonePoller - Polled C:\Users\fniet\AppData\Local\Temp\simphony_model_1771797356800 for DONE:  no
INFO  [pool-3-thread-1] 2026-02-22 19:24:59,922 repast.simphony.batch.ssh.LocalDonePoller - Polled C:\Users\fniet\AppData\Local\Temp\simphony_model_1771797356800 for DONE:  no
INFO  [pool-3-thread-1] 2026-02-22 19:25:59,929 repast.simphony.batch.ssh.LocalDonePoller - Polled C:\Users\fniet\AppData\Local\Temp\simphony_model_1771797356800 for DONE:  no
INFO  [pool-3-thread-1] 2026-02-22 19:26:59,939 repast.simphony.batch.ssh.LocalDonePoller - Polled C:\Users\fniet\AppData\Local\Temp\simphony_model_1771797356800 for DONE:  yes
INFO  [SwingWorker-pool-2-thread-1] 2026-02-22 19:26:59,948 repast.simphony.batch.ssh.SessionsDriver - Run Time: 31,0182
INFO  [SwingWorker-pool-2-thread-1] 2026-02-22 19:27:00,072 repast.simphony.batch.ssh.LocalSession - Finding output on localhost in C:\Users\fniet\AppData\Local\Temp\simphony_model_1771797356800
INFO  [SwingWorker-pool-2-thread-1] 2026-02-22 19:27:00,100 repast.simphony.batch.ssh.SessionsDriver - Aggregating output into C:/Users/fniet/OneDrive/Documentos/GitHub/endomembraneSystem/immunity/output
INFO  [SwingWorker-pool-2-thread-1] 2026-02-22 19:27:00,100 repast.simphony.batch.ssh.SessionsDriver - Get Output Time: 0,0025
INFO  [SwingWorker-pool-2-thread-1] 2026-02-22 19:27:00,100 repast.simphony.batch.ssh.SessionsDriver - Finished. Elapsed Time: 31,0552
INFO  [AWT-EventQueue-0] 2026-02-22 19:38:58,539 repast.simphony.batch.gui.BatchConfigMediator - Writing batch run config file to: C:\Users\fniet\OneDrive\Documentos\GitHub\endomembraneSystem\immunity\output\config.props
INFO  [AWT-EventQueue-0] 2026-02-22 19:38:58,845 repast.simphony.batch.gui.BatchConfigMediator - Unrolling batch parameter file:
	C:\Users\fniet\OneDrive\Documentos\GitHub\endomembraneSystem\immunity\batch\batch_params.xml to
	C:\Users\fniet\AppData\Local\Temp\unrolledParamFile.txt
INFO  [SwingWorker-pool-2-thread-1] 2026-02-22 19:39:53,267 repast.simphony.batch.ssh.LocalSession - 
	Copying locally C:\Users\fniet\AppData\Local\Temp\fniet_localhost1872148625290737071.zip to 
C:\Users\fniet\AppData\Local\Temp\simphony_model_1771799990071 ...
INFO  [SwingWorker-pool-2-thread-1] 2026-02-22 19:39:53,368 repast.simphony.batch.ssh.LocalSession - Copying Finished.
INFO  [SwingWorker-pool-2-thread-1] 2026-02-22 19:39:53,368 repast.simphony.batch.ssh.SessionsDriver - Initialization Time: 0,0549
INFO  [SwingWorker-pool-2-thread-1] 2026-02-22 19:39:53,368 repast.simphony.batch.ssh.LocalSession - Unzipping model C:\Users\fniet\AppData\Local\Temp\simphony_model_1771799990071\fniet_localhost1872148625290737071.zip
INFO  [SwingWorker-pool-2-thread-1] 2026-02-22 19:39:54,157 repast.simphony.batch.ssh.LocalSession - Running model on localhost ...
INFO  [Thread-0] 2026-02-22 19:40:14,183 repast.simphony.batch.ssh.LocalSession - WARNING: An illegal reflective access operation has occurred
INFO  [Thread-0] 2026-02-22 19:40:14,183 repast.simphony.batch.ssh.LocalSession - WARNING: Illegal reflective access by com.thoughtworks.xstream.core.util.Fields (file:/C:/Users/fniet/AppData/Local/Temp/simphony_model_1771799990071/lib/xstream-1.4.7.jar) to field java.util.TreeMap.comparator
INFO  [Thread-0] 2026-02-22 19:40:14,183 repast.simphony.batch.ssh.LocalSession - WARNING: Please consider reporting this to the maintainers of com.thoughtworks.xstream.core.util.Fields
INFO  [Thread-0] 2026-02-22 19:40:14,183 repast.simphony.batch.ssh.LocalSession - WARNING: Use --illegal-access=warn to enable warnings of further illegal reflective access operations
INFO  [Thread-0] 2026-02-22 19:40:14,183 repast.simphony.batch.ssh.LocalSession - WARNING: All illegal access operations will be denied in a future release
INFO  [Thread-0] 2026-02-22 19:40:14,528 repast.simphony.batch.ssh.LocalSession - WARNING: An illegal reflective access operation has occurred
INFO  [Thread-0] 2026-02-22 19:40:14,530 repast.simphony.batch.ssh.LocalSession - WARNING: Illegal reflective access by com.thoughtworks.xstream.core.util.Fields (file:/C:/Users/fniet/AppData/Local/Temp/simphony_model_1771799990071/lib/xstream-1.4.7.jar) to field java.util.TreeMap.comparator
INFO  [Thread-0] 2026-02-22 19:40:14,530 repast.simphony.batch.ssh.LocalSession - WARNING: Please consider reporting this to the maintainers of com.thoughtworks.xstream.core.util.Fields
INFO  [Thread-0] 2026-02-22 19:40:14,530 repast.simphony.batch.ssh.LocalSession - WARNING: Use --illegal-access=warn to enable warnings of further illegal reflective access operations
INFO  [Thread-0] 2026-02-22 19:40:14,530 repast.simphony.batch.ssh.LocalSession - WARNING: All illegal access operations will be denied in a future release
INFO  [Thread-0] 2026-02-22 19:40:14,652 repast.simphony.batch.ssh.LocalSession - WARNING: An illegal reflective access operation has occurred
INFO  [Thread-0] 2026-02-22 19:40:14,653 repast.simphony.batch.ssh.LocalSession - WARNING: Illegal reflective access by com.thoughtworks.xstream.core.util.Fields (file:/C:/Users/fniet/AppData/Local/Temp/simphony_model_1771799990071/lib/xstream-1.4.7.jar) to field java.util.TreeMap.comparator
INFO  [Thread-0] 2026-02-22 19:40:14,653 repast.simphony.batch.ssh.LocalSession - WARNING: Please consider reporting this to the maintainers of com.thoughtworks.xstream.core.util.Fields
INFO  [Thread-0] 2026-02-22 19:40:14,653 repast.simphony.batch.ssh.LocalSession - WARNING: Use --illegal-access=warn to enable warnings of further illegal reflective access operations
INFO  [Thread-0] 2026-02-22 19:40:14,653 repast.simphony.batch.ssh.LocalSession - WARNING: All illegal access operations will be denied in a future release
INFO  [Thread-0] 2026-02-22 19:40:14,685 repast.simphony.batch.ssh.LocalSession - WARNING: An illegal reflective access operation has occurred
INFO  [Thread-0] 2026-02-22 19:40:14,685 repast.simphony.batch.ssh.LocalSession - WARNING: Illegal reflective access by com.thoughtworks.xstream.core.util.Fields (file:/C:/Users/fniet/AppData/Local/Temp/simphony_model_1771799990071/lib/xstream-1.4.7.jar) to field java.util.TreeMap.comparator
INFO  [Thread-0] 2026-02-22 19:40:14,685 repast.simphony.batch.ssh.LocalSession - WARNING: Please consider reporting this to the maintainers of com.thoughtworks.xstream.core.util.Fields
INFO  [Thread-0] 2026-02-22 19:40:14,685 repast.simphony.batch.ssh.LocalSession - WARNING: Use --illegal-access=warn to enable warnings of further illegal reflective access operations
INFO  [Thread-0] 2026-02-22 19:40:14,685 repast.simphony.batch.ssh.LocalSession - WARNING: All illegal access operations will be denied in a future release
INFO  [Thread-0] 2026-02-22 19:40:14,880 repast.simphony.batch.ssh.LocalSession - 1 C:/Users/fniet/OneDrive/Documentos/GitHub/endomembraneSystem/immunity//output/2026-02-22-19-40-456-685/
INFO  [Thread-0] 2026-02-22 19:40:14,880 repast.simphony.batch.ssh.LocalSession - mypath = C:/Users/fniet/OneDrive/Documentos/GitHub/endomembraneSystem/immunity/
INFO  [Thread-0] 2026-02-22 19:40:15,012 repast.simphony.batch.ssh.LocalSession - Break tick: 60100.0
INFO  [Thread-0] 2026-02-22 19:40:15,177 repast.simphony.batch.ssh.LocalSession - Instantiation Once .//data//XP+NH4.cps
INFO  [Thread-0] 2026-02-22 19:40:15,240 repast.simphony.batch.ssh.LocalSession - 1 C:/Users/fniet/OneDrive/Documentos/GitHub/endomembraneSystem/immunity//output/2026-02-22-19-40-793-eae/
INFO  [Thread-0] 2026-02-22 19:40:15,240 repast.simphony.batch.ssh.LocalSession - mypath = C:/Users/fniet/OneDrive/Documentos/GitHub/endomembraneSystem/immunity/
INFO  [Thread-0] 2026-02-22 19:40:15,301 repast.simphony.batch.ssh.LocalSession - Break tick: 60100.0
INFO  [Thread-0] 2026-02-22 19:40:15,365 repast.simphony.batch.ssh.LocalSession - 1 C:/Users/fniet/OneDrive/Documentos/GitHub/endomembraneSystem/immunity//output/2026-02-22-19-40-990-d35/
INFO  [Thread-0] 2026-02-22 19:40:15,367 repast.simphony.batch.ssh.LocalSession - mypath = C:/Users/fniet/OneDrive/Documentos/GitHub/endomembraneSystem/immunity/
INFO  [Thread-0] 2026-02-22 19:40:15,404 repast.simphony.batch.ssh.LocalSession - 1 C:/Users/fniet/OneDrive/Documentos/GitHub/endomembraneSystem/immunity//output/2026-02-22-19-40-039-09c/
INFO  [Thread-0] 2026-02-22 19:40:15,404 repast.simphony.batch.ssh.LocalSession - mypath = C:/Users/fniet/OneDrive/Documentos/GitHub/endomembraneSystem/immunity/
INFO  [Thread-0] 2026-02-22 19:40:15,441 repast.simphony.batch.ssh.LocalSession - Break tick: 60100.0
INFO  [Thread-0] 2026-02-22 19:40:15,499 repast.simphony.batch.ssh.LocalSession - Break tick: 60100.0
INFO  [Thread-0] 2026-02-22 19:40:16,082 repast.simphony.batch.ssh.LocalSession - Model statistics for model "AntigenPresentation".
INFO  [Thread-0] 2026-02-22 19:40:16,082 repast.simphony.batch.ssh.LocalSession - Number of Compartments: 3
INFO  [Thread-0] 2026-02-22 19:40:16,085 repast.simphony.batch.ssh.LocalSession - Compartments: 
INFO  [Thread-0] 2026-02-22 19:40:16,087 repast.simphony.batch.ssh.LocalSession - Number of Metabolites: 21
INFO  [Thread-0] 2026-02-22 19:40:16,087 repast.simphony.batch.ssh.LocalSession - Metabolites: 
INFO  [Thread-0] 2026-02-22 19:40:16,089 repast.simphony.batch.ssh.LocalSession - 	ovaCy	0.0	0.0
INFO  [Thread-0] 2026-02-22 19:40:16,089 repast.simphony.batch.ssh.LocalSession - 	NH3Cy	0.0	0.0
INFO  [Thread-0] 2026-02-22 19:40:16,089 repast.simphony.batch.ssh.LocalSession - 	protonEn	9.999999999999996E-20	2.890628059199999E11
INFO  [Thread-0] 2026-02-22 19:40:16,090 repast.simphony.batch.ssh.LocalSession - 	exCxEn	0.0	0.0
INFO  [Thread-0] 2026-02-22 19:40:16,090 repast.simphony.batch.ssh.LocalSession - 	R-TfaEn	0.0	0.0
INFO  [Thread-0] 2026-02-22 19:40:16,090 repast.simphony.batch.ssh.LocalSession - 	pepCy	0.0	0.0
INFO  [Thread-0] 2026-02-22 19:40:16,090 repast.simphony.batch.ssh.LocalSession - 	RabA	0.0	0.0
INFO  [Thread-0] 2026-02-22 19:40:16,090 repast.simphony.batch.ssh.LocalSession - 	cMHCIEn	0.0	0.0
INFO  [Thread-0] 2026-02-22 19:40:16,090 repast.simphony.batch.ssh.LocalSession - 	NH3En	0.0	0.0
INFO  [Thread-0] 2026-02-22 19:40:16,090 repast.simphony.batch.ssh.LocalSession - 	NH4En	0.0	0.0
INFO  [Thread-0] 2026-02-22 19:40:16,092 repast.simphony.batch.ssh.LocalSession - 	imCxEn	0.0	0.0
INFO  [Thread-0] 2026-02-22 19:40:16,092 repast.simphony.batch.ssh.LocalSession - 	ovaEn	0.0	0.0
INFO  [Thread-0] 2026-02-22 19:40:16,092 repast.simphony.batch.ssh.LocalSession - 	species	9.999999999999999E-16	2.8906280592E15
INFO  [Thread-0] 2026-02-22 19:40:16,092 repast.simphony.batch.ssh.LocalSession - 	protonCy	9.999999999999996E-20	2.890628059199999E11
INFO  [Thread-0] 2026-02-22 19:40:16,092 repast.simphony.batch.ssh.LocalSession - 	oMHCIEn	0.0	0.0
INFO  [Thread-0] 2026-02-22 19:40:16,092 repast.simphony.batch.ssh.LocalSession - 	TfaEn	0.0	0.0
INFO  [Thread-0] 2026-02-22 19:40:16,092 repast.simphony.batch.ssh.LocalSession - 	RabD	0.0	0.0
INFO  [Thread-0] 2026-02-22 19:40:16,092 repast.simphony.batch.ssh.LocalSession - 	pepMHCIEn	0.0	0.0
INFO  [Thread-0] 2026-02-22 19:40:16,092 repast.simphony.batch.ssh.LocalSession - 	R-TfEn	9.999999999999995E-16	1.4453140295999995E12
INFO  [Thread-0] 2026-02-22 19:40:16,092 repast.simphony.batch.ssh.LocalSession - 	REn	0.0	0.0
INFO  [Thread-0] 2026-02-22 19:40:16,092 repast.simphony.batch.ssh.LocalSession - 	pepEn	0.0	0.0
INFO  [Thread-0] 2026-02-22 19:40:16,102 repast.simphony.batch.ssh.LocalSession - Number of Reactions: 15
INFO  [Thread-0] 2026-02-22 19:40:16,102 repast.simphony.batch.ssh.LocalSession - Reactions: 
INFO  [Thread-0] 2026-02-22 19:40:16,106 repast.simphony.batch.ssh.LocalSession - 	OVAout
INFO  [Thread-0] 2026-02-22 19:40:16,106 repast.simphony.batch.ssh.LocalSession - 	MHCI-loading
INFO  [Thread-0] 2026-02-22 19:40:16,106 repast.simphony.batch.ssh.LocalSession - 	ProtonPumpRabD
INFO  [Thread-0] 2026-02-22 19:40:16,106 repast.simphony.batch.ssh.LocalSession - 	ProtonLeak
INFO  [Thread-0] 2026-02-22 19:40:16,106 repast.simphony.batch.ssh.LocalSession - 	MHCIopening
INFO  [Thread-0] 2026-02-22 19:40:16,106 repast.simphony.batch.ssh.LocalSession - 	MHCI-peptOpening
INFO  [Thread-0] 2026-02-22 19:40:16,106 repast.simphony.batch.ssh.LocalSession - 	ProtonPumpRabA
INFO  [Thread-0] 2026-02-22 19:40:16,106 repast.simphony.batch.ssh.LocalSession - 	MHCIclosing
INFO  [Thread-0] 2026-02-22 19:40:16,106 repast.simphony.batch.ssh.LocalSession - 	pepImport
INFO  [Thread-0] 2026-02-22 19:40:16,106 repast.simphony.batch.ssh.LocalSession - 	proteosome
INFO  [Thread-0] 2026-02-22 19:40:16,106 repast.simphony.batch.ssh.LocalSession - 	FreeTf
INFO  [Thread-0] 2026-02-22 19:40:16,106 repast.simphony.batch.ssh.LocalSession - 	FreeFe
INFO  [Thread-0] 2026-02-22 19:40:16,106 repast.simphony.batch.ssh.LocalSession - 	NH3+H
INFO  [Thread-0] 2026-02-22 19:40:16,106 repast.simphony.batch.ssh.LocalSession - 	NH3leak
INFO  [Thread-0] 2026-02-22 19:40:16,106 repast.simphony.batch.ssh.LocalSession - 	NH4leak
INFO  [Thread-0] 2026-02-22 19:40:16,245 repast.simphony.batch.ssh.LocalSession - Instantiation Once .//data//XP+NH4.cps
INFO  [Thread-0] 2026-02-22 19:40:16,369 repast.simphony.batch.ssh.LocalSession - Instantiation Once .//data//XP+NH4.cps
INFO  [Thread-0] 2026-02-22 19:40:16,435 repast.simphony.batch.ssh.LocalSession - Instantiation Once .//data//XP+NH4.cps
INFO  [Thread-0] 2026-02-22 19:40:16,695 repast.simphony.batch.ssh.LocalSession - Model statistics for model "AntigenPresentation".
INFO  [Thread-0] 2026-02-22 19:40:16,695 repast.simphony.batch.ssh.LocalSession - Number of Compartments: 3
INFO  [Thread-0] 2026-02-22 19:40:16,695 repast.simphony.batch.ssh.LocalSession - Compartments: 
INFO  [Thread-0] 2026-02-22 19:40:16,697 repast.simphony.batch.ssh.LocalSession - Number of Metabolites: 21
INFO  [Thread-0] 2026-02-22 19:40:16,697 repast.simphony.batch.ssh.LocalSession - Metabolites: 
INFO  [Thread-0] 2026-02-22 19:40:16,699 repast.simphony.batch.ssh.LocalSession - 	ovaCy	0.0	0.0
INFO  [Thread-0] 2026-02-22 19:40:16,699 repast.simphony.batch.ssh.LocalSession - 	NH3Cy	0.0	0.0
INFO  [Thread-0] 2026-02-22 19:40:16,699 repast.simphony.batch.ssh.LocalSession - 	protonEn	9.999999999999996E-20	2.890628059199999E11
INFO  [Thread-0] 2026-02-22 19:40:16,699 repast.simphony.batch.ssh.LocalSession - 	exCxEn	0.0	0.0
INFO  [Thread-0] 2026-02-22 19:40:16,699 repast.simphony.batch.ssh.LocalSession - 	R-TfaEn	0.0	0.0
INFO  [Thread-0] 2026-02-22 19:40:16,699 repast.simphony.batch.ssh.LocalSession - 	pepCy	0.0	0.0
INFO  [Thread-0] 2026-02-22 19:40:16,699 repast.simphony.batch.ssh.LocalSession - 	RabA	0.0	0.0
INFO  [Thread-0] 2026-02-22 19:40:16,699 repast.simphony.batch.ssh.LocalSession - 	cMHCIEn	0.0	0.0
INFO  [Thread-0] 2026-02-22 19:40:16,699 repast.simphony.batch.ssh.LocalSession - 	NH3En	0.0	0.0
INFO  [Thread-0] 2026-02-22 19:40:16,699 repast.simphony.batch.ssh.LocalSession - 	NH4En	0.0	0.0
INFO  [Thread-0] 2026-02-22 19:40:16,699 repast.simphony.batch.ssh.LocalSession - 	imCxEn	0.0	0.0
INFO  [Thread-0] 2026-02-22 19:40:16,699 repast.simphony.batch.ssh.LocalSession - 	ovaEn	0.0	0.0
INFO  [Thread-0] 2026-02-22 19:40:16,699 repast.simphony.batch.ssh.LocalSession - 	species	9.999999999999999E-16	2.8906280592E15
INFO  [Thread-0] 2026-02-22 19:40:16,699 repast.simphony.batch.ssh.LocalSession - 	protonCy	9.999999999999996E-20	2.890628059199999E11
INFO  [Thread-0] 2026-02-22 19:40:16,699 repast.simphony.batch.ssh.LocalSession - 	oMHCIEn	0.0	0.0
INFO  [Thread-0] 2026-02-22 19:40:16,699 repast.simphony.batch.ssh.LocalSession - 	TfaEn	0.0	0.0
INFO  [Thread-0] 2026-02-22 19:40:16,699 repast.simphony.batch.ssh.LocalSession - 	RabD	0.0	0.0
INFO  [Thread-0] 2026-02-22 19:40:16,699 repast.simphony.batch.ssh.LocalSession - 	pepMHCIEn	0.0	0.0
INFO  [Thread-0] 2026-02-22 19:40:16,699 repast.simphony.batch.ssh.LocalSession - 	R-TfEn	9.999999999999995E-16	1.4453140295999995E12
INFO  [Thread-0] 2026-02-22 19:40:16,699 repast.simphony.batch.ssh.LocalSession - 	REn	0.0	0.0
INFO  [Thread-0] 2026-02-22 19:40:16,699 repast.simphony.batch.ssh.LocalSession - 	pepEn	0.0	0.0
INFO  [Thread-0] 2026-02-22 19:40:16,699 repast.simphony.batch.ssh.LocalSession - Number of Reactions: 15
INFO  [Thread-0] 2026-02-22 19:40:16,699 repast.simphony.batch.ssh.LocalSession - Reactions: 
INFO  [Thread-0] 2026-02-22 19:40:16,699 repast.simphony.batch.ssh.LocalSession - 	OVAout
INFO  [Thread-0] 2026-02-22 19:40:16,699 repast.simphony.batch.ssh.LocalSession - 	MHCI-loading
INFO  [Thread-0] 2026-02-22 19:40:16,699 repast.simphony.batch.ssh.LocalSession - 	ProtonPumpRabD
INFO  [Thread-0] 2026-02-22 19:40:16,699 repast.simphony.batch.ssh.LocalSession - 	ProtonLeak
INFO  [Thread-0] 2026-02-22 19:40:16,699 repast.simphony.batch.ssh.LocalSession - 	MHCIopening
INFO  [Thread-0] 2026-02-22 19:40:16,699 repast.simphony.batch.ssh.LocalSession - 	MHCI-peptOpening
INFO  [Thread-0] 2026-02-22 19:40:16,699 repast.simphony.batch.ssh.LocalSession - 	ProtonPumpRabA
INFO  [Thread-0] 2026-02-22 19:40:16,699 repast.simphony.batch.ssh.LocalSession - 	MHCIclosing
INFO  [Thread-0] 2026-02-22 19:40:16,699 repast.simphony.batch.ssh.LocalSession - 	pepImport
INFO  [Thread-0] 2026-02-22 19:40:16,699 repast.simphony.batch.ssh.LocalSession - 	proteosome
INFO  [Thread-0] 2026-02-22 19:40:16,699 repast.simphony.batch.ssh.LocalSession - 	FreeTf
INFO  [Thread-0] 2026-02-22 19:40:16,699 repast.simphony.batch.ssh.LocalSession - 	FreeFe
INFO  [Thread-0] 2026-02-22 19:40:16,699 repast.simphony.batch.ssh.LocalSession - 	NH3+H
INFO  [Thread-0] 2026-02-22 19:40:16,699 repast.simphony.batch.ssh.LocalSession - 	NH3leak
INFO  [Thread-0] 2026-02-22 19:40:16,699 repast.simphony.batch.ssh.LocalSession - 	NH4leak
INFO  [Thread-0] 2026-02-22 19:40:16,773 repast.simphony.batch.ssh.LocalSession - Model statistics for model "AntigenPresentation".
INFO  [Thread-0] 2026-02-22 19:40:16,773 repast.simphony.batch.ssh.LocalSession - Number of Compartments: 3
INFO  [Thread-0] 2026-02-22 19:40:16,773 repast.simphony.batch.ssh.LocalSession - Compartments: 
INFO  [Thread-0] 2026-02-22 19:40:16,773 repast.simphony.batch.ssh.LocalSession - Number of Metabolites: 21
INFO  [Thread-0] 2026-02-22 19:40:16,773 repast.simphony.batch.ssh.LocalSession - Metabolites: 
INFO  [Thread-0] 2026-02-22 19:40:16,776 repast.simphony.batch.ssh.LocalSession - 	ovaCy	0.0	0.0
INFO  [Thread-0] 2026-02-22 19:40:16,776 repast.simphony.batch.ssh.LocalSession - 	NH3Cy	0.0	0.0
INFO  [Thread-0] 2026-02-22 19:40:16,776 repast.simphony.batch.ssh.LocalSession - 	protonEn	9.999999999999996E-20	2.890628059199999E11
INFO  [Thread-0] 2026-02-22 19:40:16,776 repast.simphony.batch.ssh.LocalSession - 	exCxEn	0.0	0.0
INFO  [Thread-0] 2026-02-22 19:40:16,776 repast.simphony.batch.ssh.LocalSession - 	R-TfaEn	0.0	0.0
INFO  [Thread-0] 2026-02-22 19:40:16,776 repast.simphony.batch.ssh.LocalSession - 	pepCy	0.0	0.0
INFO  [Thread-0] 2026-02-22 19:40:16,776 repast.simphony.batch.ssh.LocalSession - 	RabA	0.0	0.0
INFO  [Thread-0] 2026-02-22 19:40:16,776 repast.simphony.batch.ssh.LocalSession - 	cMHCIEn	0.0	0.0
INFO  [Thread-0] 2026-02-22 19:40:16,776 repast.simphony.batch.ssh.LocalSession - 	NH3En	0.0	0.0
INFO  [Thread-0] 2026-02-22 19:40:16,776 repast.simphony.batch.ssh.LocalSession - 	NH4En	0.0	0.0
INFO  [Thread-0] 2026-02-22 19:40:16,776 repast.simphony.batch.ssh.LocalSession - 	imCxEn	0.0	0.0
INFO  [Thread-0] 2026-02-22 19:40:16,778 repast.simphony.batch.ssh.LocalSession - 	ovaEn	0.0	0.0
INFO  [Thread-0] 2026-02-22 19:40:16,778 repast.simphony.batch.ssh.LocalSession - 	species	9.999999999999999E-16	2.8906280592E15
INFO  [Thread-0] 2026-02-22 19:40:16,778 repast.simphony.batch.ssh.LocalSession - 	protonCy	9.999999999999996E-20	2.890628059199999E11
INFO  [Thread-0] 2026-02-22 19:40:16,778 repast.simphony.batch.ssh.LocalSession - 	oMHCIEn	0.0	0.0
INFO  [Thread-0] 2026-02-22 19:40:16,778 repast.simphony.batch.ssh.LocalSession - 	TfaEn	0.0	0.0
INFO  [Thread-0] 2026-02-22 19:40:16,778 repast.simphony.batch.ssh.LocalSession - 	RabD	0.0	0.0
INFO  [Thread-0] 2026-02-22 19:40:16,778 repast.simphony.batch.ssh.LocalSession - 	pepMHCIEn	0.0	0.0
INFO  [Thread-0] 2026-02-22 19:40:16,778 repast.simphony.batch.ssh.LocalSession - 	R-TfEn	9.999999999999995E-16	1.4453140295999995E12
INFO  [Thread-0] 2026-02-22 19:40:16,778 repast.simphony.batch.ssh.LocalSession - 	REn	0.0	0.0
INFO  [Thread-0] 2026-02-22 19:40:16,778 repast.simphony.batch.ssh.LocalSession - 	pepEn	0.0	0.0
INFO  [Thread-0] 2026-02-22 19:40:16,778 repast.simphony.batch.ssh.LocalSession - Number of Reactions: 15
INFO  [Thread-0] 2026-02-22 19:40:16,778 repast.simphony.batch.ssh.LocalSession - Reactions: 
INFO  [Thread-0] 2026-02-22 19:40:16,778 repast.simphony.batch.ssh.LocalSession - 	OVAout
INFO  [Thread-0] 2026-02-22 19:40:16,778 repast.simphony.batch.ssh.LocalSession - 	MHCI-loading
INFO  [Thread-0] 2026-02-22 19:40:16,778 repast.simphony.batch.ssh.LocalSession - 	ProtonPumpRabD
INFO  [Thread-0] 2026-02-22 19:40:16,778 repast.simphony.batch.ssh.LocalSession - 	ProtonLeak
INFO  [Thread-0] 2026-02-22 19:40:16,778 repast.simphony.batch.ssh.LocalSession - 	MHCIopening
INFO  [Thread-0] 2026-02-22 19:40:16,778 repast.simphony.batch.ssh.LocalSession - 	MHCI-peptOpening
INFO  [Thread-0] 2026-02-22 19:40:16,778 repast.simphony.batch.ssh.LocalSession - 	ProtonPumpRabA
INFO  [Thread-0] 2026-02-22 19:40:16,778 repast.simphony.batch.ssh.LocalSession - 	MHCIclosing
INFO  [Thread-0] 2026-02-22 19:40:16,778 repast.simphony.batch.ssh.LocalSession - 	pepImport
INFO  [Thread-0] 2026-02-22 19:40:16,778 repast.simphony.batch.ssh.LocalSession - 	proteosome
INFO  [Thread-0] 2026-02-22 19:40:16,778 repast.simphony.batch.ssh.LocalSession - 	FreeTf
INFO  [Thread-0] 2026-02-22 19:40:16,778 repast.simphony.batch.ssh.LocalSession - 	FreeFe
INFO  [Thread-0] 2026-02-22 19:40:16,778 repast.simphony.batch.ssh.LocalSession - 	NH3+H
INFO  [Thread-0] 2026-02-22 19:40:16,778 repast.simphony.batch.ssh.LocalSession - 	NH3leak
INFO  [Thread-0] 2026-02-22 19:40:16,778 repast.simphony.batch.ssh.LocalSession - 	NH4leak
INFO  [Thread-0] 2026-02-22 19:40:16,828 repast.simphony.batch.ssh.LocalSession - Model statistics for model "AntigenPresentation".
INFO  [Thread-0] 2026-02-22 19:40:16,831 repast.simphony.batch.ssh.LocalSession - Number of Compartments: 3
INFO  [Thread-0] 2026-02-22 19:40:16,831 repast.simphony.batch.ssh.LocalSession - Compartments: 
INFO  [Thread-0] 2026-02-22 19:40:16,831 repast.simphony.batch.ssh.LocalSession - Number of Metabolites: 21
INFO  [Thread-0] 2026-02-22 19:40:16,831 repast.simphony.batch.ssh.LocalSession - Metabolites: 
INFO  [Thread-0] 2026-02-22 19:40:16,831 repast.simphony.batch.ssh.LocalSession - 	ovaCy	0.0	0.0
INFO  [Thread-0] 2026-02-22 19:40:16,831 repast.simphony.batch.ssh.LocalSession - 	NH3Cy	0.0	0.0
INFO  [Thread-0] 2026-02-22 19:40:16,831 repast.simphony.batch.ssh.LocalSession - 	protonEn	9.999999999999996E-20	2.890628059199999E11
INFO  [Thread-0] 2026-02-22 19:40:16,831 repast.simphony.batch.ssh.LocalSession - 	exCxEn	0.0	0.0
INFO  [Thread-0] 2026-02-22 19:40:16,831 repast.simphony.batch.ssh.LocalSession - 	R-TfaEn	0.0	0.0
INFO  [Thread-0] 2026-02-22 19:40:16,831 repast.simphony.batch.ssh.LocalSession - 	pepCy	0.0	0.0
INFO  [Thread-0] 2026-02-22 19:40:16,834 repast.simphony.batch.ssh.LocalSession - 	RabA	0.0	0.0
INFO  [Thread-0] 2026-02-22 19:40:16,834 repast.simphony.batch.ssh.LocalSession - 	cMHCIEn	0.0	0.0
INFO  [Thread-0] 2026-02-22 19:40:16,834 repast.simphony.batch.ssh.LocalSession - 	NH3En	0.0	0.0
INFO  [Thread-0] 2026-02-22 19:40:16,834 repast.simphony.batch.ssh.LocalSession - 	NH4En	0.0	0.0
INFO  [Thread-0] 2026-02-22 19:40:16,834 repast.simphony.batch.ssh.LocalSession - 	imCxEn	0.0	0.0
INFO  [Thread-0] 2026-02-22 19:40:16,834 repast.simphony.batch.ssh.LocalSession - 	ovaEn	0.0	0.0
INFO  [Thread-0] 2026-02-22 19:40:16,834 repast.simphony.batch.ssh.LocalSession - 	species	9.999999999999999E-16	2.8906280592E15
INFO  [Thread-0] 2026-02-22 19:40:16,834 repast.simphony.batch.ssh.LocalSession - 	protonCy	9.999999999999996E-20	2.890628059199999E11
INFO  [Thread-0] 2026-02-22 19:40:16,834 repast.simphony.batch.ssh.LocalSession - 	oMHCIEn	0.0	0.0
INFO  [Thread-0] 2026-02-22 19:40:16,834 repast.simphony.batch.ssh.LocalSession - 	TfaEn	0.0	0.0
INFO  [Thread-0] 2026-02-22 19:40:16,834 repast.simphony.batch.ssh.LocalSession - 	RabD	0.0	0.0
INFO  [Thread-0] 2026-02-22 19:40:16,834 repast.simphony.batch.ssh.LocalSession - 	pepMHCIEn	0.0	0.0
INFO  [Thread-0] 2026-02-22 19:40:16,834 repast.simphony.batch.ssh.LocalSession - 	R-TfEn	9.999999999999995E-16	1.4453140295999995E12
INFO  [Thread-0] 2026-02-22 19:40:16,834 repast.simphony.batch.ssh.LocalSession - 	REn	0.0	0.0
INFO  [Thread-0] 2026-02-22 19:40:16,834 repast.simphony.batch.ssh.LocalSession - 	pepEn	0.0	0.0
INFO  [Thread-0] 2026-02-22 19:40:16,836 repast.simphony.batch.ssh.LocalSession - Number of Reactions: 15
INFO  [Thread-0] 2026-02-22 19:40:16,836 repast.simphony.batch.ssh.LocalSession - Reactions: 
INFO  [Thread-0] 2026-02-22 19:40:16,836 repast.simphony.batch.ssh.LocalSession - 	OVAout
INFO  [Thread-0] 2026-02-22 19:40:16,839 repast.simphony.batch.ssh.LocalSession - 	MHCI-loading
INFO  [Thread-0] 2026-02-22 19:40:16,839 repast.simphony.batch.ssh.LocalSession - 	ProtonPumpRabD
INFO  [Thread-0] 2026-02-22 19:40:16,839 repast.simphony.batch.ssh.LocalSession - 	ProtonLeak
INFO  [Thread-0] 2026-02-22 19:40:16,839 repast.simphony.batch.ssh.LocalSession - 	MHCIopening
INFO  [Thread-0] 2026-02-22 19:40:16,839 repast.simphony.batch.ssh.LocalSession - 	MHCI-peptOpening
INFO  [Thread-0] 2026-02-22 19:40:16,839 repast.simphony.batch.ssh.LocalSession - 	ProtonPumpRabA
INFO  [Thread-0] 2026-02-22 19:40:16,839 repast.simphony.batch.ssh.LocalSession - 	MHCIclosing
INFO  [Thread-0] 2026-02-22 19:40:16,839 repast.simphony.batch.ssh.LocalSession - 	pepImport
INFO  [Thread-0] 2026-02-22 19:40:16,839 repast.simphony.batch.ssh.LocalSession - 	proteosome
INFO  [Thread-0] 2026-02-22 19:40:16,839 repast.simphony.batch.ssh.LocalSession - 	FreeTf
INFO  [Thread-0] 2026-02-22 19:40:16,839 repast.simphony.batch.ssh.LocalSession - 	FreeFe
INFO  [Thread-0] 2026-02-22 19:40:16,839 repast.simphony.batch.ssh.LocalSession - 	NH3+H
INFO  [Thread-0] 2026-02-22 19:40:16,839 repast.simphony.batch.ssh.LocalSession - 	NH3leak
INFO  [Thread-0] 2026-02-22 19:40:16,839 repast.simphony.batch.ssh.LocalSession - 	NH4leak
INFO  [pool-3-thread-1] 2026-02-22 19:40:54,181 repast.simphony.batch.ssh.LocalDonePoller - Polled C:\Users\fniet\AppData\Local\Temp\simphony_model_1771799990071 for DONE:  no
INFO  [pool-3-thread-1] 2026-02-22 19:41:54,185 repast.simphony.batch.ssh.LocalDonePoller - Polled C:\Users\fniet\AppData\Local\Temp\simphony_model_1771799990071 for DONE:  no
INFO  [pool-3-thread-1] 2026-02-22 19:42:54,196 repast.simphony.batch.ssh.LocalDonePoller - Polled C:\Users\fniet\AppData\Local\Temp\simphony_model_1771799990071 for DONE:  no
INFO  [pool-3-thread-1] 2026-02-22 19:43:54,230 repast.simphony.batch.ssh.LocalDonePoller - Polled C:\Users\fniet\AppData\Local\Temp\simphony_model_1771799990071 for DONE:  no
INFO  [pool-3-thread-1] 2026-02-22 19:44:54,252 repast.simphony.batch.ssh.LocalDonePoller - Polled C:\Users\fniet\AppData\Local\Temp\simphony_model_1771799990071 for DONE:  no
INFO  [pool-3-thread-1] 2026-02-22 19:45:54,268 repast.simphony.batch.ssh.LocalDonePoller - Polled C:\Users\fniet\AppData\Local\Temp\simphony_model_1771799990071 for DONE:  no
INFO  [pool-3-thread-1] 2026-02-22 19:46:54,282 repast.simphony.batch.ssh.LocalDonePoller - Polled C:\Users\fniet\AppData\Local\Temp\simphony_model_1771799990071 for DONE:  no
INFO  [pool-3-thread-1] 2026-02-22 19:47:54,286 repast.simphony.batch.ssh.LocalDonePoller - Polled C:\Users\fniet\AppData\Local\Temp\simphony_model_1771799990071 for DONE:  no
INFO  [pool-3-thread-1] 2026-02-22 19:48:54,291 repast.simphony.batch.ssh.LocalDonePoller - Polled C:\Users\fniet\AppData\Local\Temp\simphony_model_1771799990071 for DONE:  no
INFO  [pool-3-thread-1] 2026-02-22 19:49:54,315 repast.simphony.batch.ssh.LocalDonePoller - Polled C:\Users\fniet\AppData\Local\Temp\simphony_model_1771799990071 for DONE:  no
INFO  [pool-3-thread-1] 2026-02-22 19:50:54,327 repast.simphony.batch.ssh.LocalDonePoller - Polled C:\Users\fniet\AppData\Local\Temp\simphony_model_1771799990071 for DONE:  no
INFO  [pool-3-thread-1] 2026-02-22 19:51:54,342 repast.simphony.batch.ssh.LocalDonePoller - Polled C:\Users\fniet\AppData\Local\Temp\simphony_model_1771799990071 for DONE:  no
INFO  [pool-3-thread-1] 2026-02-22 19:52:54,361 repast.simphony.batch.ssh.LocalDonePoller - Polled C:\Users\fniet\AppData\Local\Temp\simphony_model_1771799990071 for DONE:  no
INFO  [pool-3-thread-1] 2026-02-22 19:53:54,375 repast.simphony.batch.ssh.LocalDonePoller - Polled C:\Users\fniet\AppData\Local\Temp\simphony_model_1771799990071 for DONE:  no
INFO  [pool-3-thread-1] 2026-02-22 19:54:54,379 repast.simphony.batch.ssh.LocalDonePoller - Polled C:\Users\fniet\AppData\Local\Temp\simphony_model_1771799990071 for DONE:  no
INFO  [pool-3-thread-1] 2026-02-22 19:55:54,394 repast.simphony.batch.ssh.LocalDonePoller - Polled C:\Users\fniet\AppData\Local\Temp\simphony_model_1771799990071 for DONE:  no
INFO  [pool-3-thread-1] 2026-02-22 19:56:54,399 repast.simphony.batch.ssh.LocalDonePoller - Polled C:\Users\fniet\AppData\Local\Temp\simphony_model_1771799990071 for DONE:  no
INFO  [pool-3-thread-1] 2026-02-22 19:57:54,421 repast.simphony.batch.ssh.LocalDonePoller - Polled C:\Users\fniet\AppData\Local\Temp\simphony_model_1771799990071 for DONE:  no
INFO  [pool-3-thread-1] 2026-02-22 19:58:54,428 repast.simphony.batch.ssh.LocalDonePoller - Polled C:\Users\fniet\AppData\Local\Temp\simphony_model_1771799990071 for DONE:  no
INFO  [pool-3-thread-1] 2026-02-22 19:59:54,434 repast.simphony.batch.ssh.LocalDonePoller - Polled C:\Users\fniet\AppData\Local\Temp\simphony_model_1771799990071 for DONE:  no
INFO  [pool-3-thread-1] 2026-02-22 20:00:54,453 repast.simphony.batch.ssh.LocalDonePoller - Polled C:\Users\fniet\AppData\Local\Temp\simphony_model_1771799990071 for DONE:  no
INFO  [pool-3-thread-1] 2026-02-22 20:01:54,460 repast.simphony.batch.ssh.LocalDonePoller - Polled C:\Users\fniet\AppData\Local\Temp\simphony_model_1771799990071 for DONE:  no
INFO  [pool-3-thread-1] 2026-02-22 20:02:54,469 repast.simphony.batch.ssh.LocalDonePoller - Polled C:\Users\fniet\AppData\Local\Temp\simphony_model_1771799990071 for DONE:  no
INFO  [pool-3-thread-1] 2026-02-22 20:03:54,476 repast.simphony.batch.ssh.LocalDonePoller - Polled C:\Users\fniet\AppData\Local\Temp\simphony_model_1771799990071 for DONE:  no
INFO  [pool-3-thread-1] 2026-02-22 20:04:54,480 repast.simphony.batch.ssh.LocalDonePoller - Polled C:\Users\fniet\AppData\Local\Temp\simphony_model_1771799990071 for DONE:  no
INFO  [pool-3-thread-1] 2026-02-22 20:05:54,484 repast.simphony.batch.ssh.LocalDonePoller - Polled C:\Users\fniet\AppData\Local\Temp\simphony_model_1771799990071 for DONE:  no
INFO  [pool-3-thread-1] 2026-02-22 20:06:54,499 repast.simphony.batch.ssh.LocalDonePoller - Polled C:\Users\fniet\AppData\Local\Temp\simphony_model_1771799990071 for DONE:  no
INFO  [pool-3-thread-1] 2026-02-22 20:07:54,512 repast.simphony.batch.ssh.LocalDonePoller - Polled C:\Users\fniet\AppData\Local\Temp\simphony_model_1771799990071 for DONE:  no
INFO  [pool-3-thread-1] 2026-02-22 20:08:54,529 repast.simphony.batch.ssh.LocalDonePoller - Polled C:\Users\fniet\AppData\Local\Temp\simphony_model_1771799990071 for DONE:  no
INFO  [pool-3-thread-1] 2026-02-22 20:09:54,542 repast.simphony.batch.ssh.LocalDonePoller - Polled C:\Users\fniet\AppData\Local\Temp\simphony_model_1771799990071 for DONE:  no
INFO  [pool-3-thread-1] 2026-02-22 20:10:54,547 repast.simphony.batch.ssh.LocalDonePoller - Polled C:\Users\fniet\AppData\Local\Temp\simphony_model_1771799990071 for DONE:  no
INFO  [pool-3-thread-1] 2026-02-22 20:11:54,554 repast.simphony.batch.ssh.LocalDonePoller - Polled C:\Users\fniet\AppData\Local\Temp\simphony_model_1771799990071 for DONE:  no
INFO  [pool-3-thread-1] 2026-02-22 20:12:54,564 repast.simphony.batch.ssh.LocalDonePoller - Polled C:\Users\fniet\AppData\Local\Temp\simphony_model_1771799990071 for DONE:  no
INFO  [pool-3-thread-1] 2026-02-22 20:13:54,579 repast.simphony.batch.ssh.LocalDonePoller - Polled C:\Users\fniet\AppData\Local\Temp\simphony_model_1771799990071 for DONE:  no
INFO  [pool-3-thread-1] 2026-02-22 20:14:54,592 repast.simphony.batch.ssh.LocalDonePoller - Polled C:\Users\fniet\AppData\Local\Temp\simphony_model_1771799990071 for DONE:  no
INFO  [pool-3-thread-1] 2026-02-22 20:15:54,592 repast.simphony.batch.ssh.LocalDonePoller - Polled C:\Users\fniet\AppData\Local\Temp\simphony_model_1771799990071 for DONE:  no
INFO  [pool-3-thread-1] 2026-02-22 20:16:54,603 repast.simphony.batch.ssh.LocalDonePoller - Polled C:\Users\fniet\AppData\Local\Temp\simphony_model_1771799990071 for DONE:  yes
INFO  [SwingWorker-pool-2-thread-1] 2026-02-22 20:16:54,635 repast.simphony.batch.ssh.SessionsDriver - Run Time: 37,0210
INFO  [SwingWorker-pool-2-thread-1] 2026-02-22 20:16:54,731 repast.simphony.batch.ssh.LocalSession - Finding output on localhost in C:\Users\fniet\AppData\Local\Temp\simphony_model_1771799990071
INFO  [SwingWorker-pool-2-thread-1] 2026-02-22 20:16:54,761 repast.simphony.batch.ssh.SessionsDriver - Aggregating output into C:/Users/fniet/OneDrive/Documentos/GitHub/endomembraneSystem/immunity/output
INFO  [SwingWorker-pool-2-thread-1] 2026-02-22 20:16:54,761 repast.simphony.batch.ssh.SessionsDriver - Get Output Time: 0,0021
INFO  [SwingWorker-pool-2-thread-1] 2026-02-22 20:16:54,763 repast.simphony.batch.ssh.SessionsDriver - Finished. Elapsed Time: 37,0787
