2026-02-21 12:24:53,683 - Trying to use logger class org.apache.velocity.runtime.log.SimpleLog4JLogSystem
2026-02-21 12:24:53,683 - Using logger class org.apache.velocity.runtime.log.SimpleLog4JLogSystem
2026-02-21 12:24:53,687 - Default ResourceManager initializing. (class org.apache.velocity.runtime.resource.ResourceManagerImpl)
2026-02-21 12:24:53,687 - Resource Loader Instantiated: org.apache.velocity.runtime.resource.loader.ClasspathResourceLoader
2026-02-21 12:24:53,687 - ClasspathResourceLoader : initialization starting.
2026-02-21 12:24:53,687 - ClasspathResourceLoader : initialization complete.
2026-02-21 12:24:53,687 - ResourceCache : initialized. (class org.apache.velocity.runtime.resource.ResourceCacheImpl)
2026-02-21 12:24:53,687 - Default ResourceManager initialization complete.
2026-02-21 12:24:53,692 - Loaded System Directive: org.apache.velocity.runtime.directive.Literal
2026-02-21 12:24:53,694 - Loaded System Directive: org.apache.velocity.runtime.directive.Macro
2026-02-21 12:24:53,694 - Loaded System Directive: org.apache.velocity.runtime.directive.Parse
2026-02-21 12:24:53,694 - Loaded System Directive: org.apache.velocity.runtime.directive.Include
2026-02-21 12:24:53,694 - Loaded System Directive: org.apache.velocity.runtime.directive.Foreach
2026-02-21 12:24:53,710 - Created: 20 parsers.
2026-02-21 12:24:53,718 - Velocimacro : initialization starting.
2026-02-21 12:24:53,718 - Velocimacro : adding VMs from VM library template : VM_global_library.vm
2026-02-21 12:24:53,723 - ResourceManager : unable to find resource 'VM_global_library.vm' in any resource loader.
2026-02-21 12:24:53,723 - Velocimacro : error using  VM library template VM_global_library.vm : org.apache.velocity.exception.ResourceNotFoundException: Unable to find resource 'VM_global_library.vm'
2026-02-21 12:24:53,723 - Velocimacro :  VM library template macro registration complete.
2026-02-21 12:24:53,723 - Velocimacro : allowInline = true : VMs can be defined inline in templates
2026-02-21 12:24:53,723 - Velocimacro : allowInlineToOverride = false : VMs defined inline may NOT replace previous VM definitions
2026-02-21 12:24:53,723 - Velocimacro : allowInlineLocal = false : VMs defined inline will be  global in scope if allowed.
2026-02-21 12:24:53,723 - Velocimacro : messages on  : VM system will output logging messages
2026-02-21 12:24:53,723 - Velocimacro : autoload off  : VM system will not automatically reload global library macros
2026-02-21 12:24:53,723 - Velocimacro : initialization complete.
2026-02-21 12:24:53,723 - Velocity successfully started.
2026-02-22 18:26:13,542 - SimpleLog4JLogSystem initialized using logfile 'velocity.log'
2026-02-22 18:26:13,542 - ************************************************************** 
2026-02-22 18:26:13,542 - Starting Jakarta Velocity v1.4
2026-02-22 18:26:13,542 - RuntimeInstance initializing.
2026-02-22 18:26:13,542 - Default Properties File: org\apache\velocity\runtime\defaults\velocity.properties
2026-02-22 18:26:13,542 - Trying to use logger class org.apache.velocity.runtime.log.SimpleLog4JLogSystem
2026-02-22 18:26:13,542 - Using logger class org.apache.velocity.runtime.log.SimpleLog4JLogSystem
2026-02-22 18:26:13,551 - Default ResourceManager initializing. (class org.apache.velocity.runtime.resource.ResourceManagerImpl)
2026-02-22 18:26:13,551 - Resource Loader Instantiated: org.apache.velocity.runtime.resource.loader.ClasspathResourceLoader
2026-02-22 18:26:13,551 - ClasspathResourceLoader : initialization starting.
2026-02-22 18:26:13,551 - ClasspathResourceLoader : initialization complete.
2026-02-22 18:26:13,553 - ResourceCache : initialized. (class org.apache.velocity.runtime.resource.ResourceCacheImpl)
2026-02-22 18:26:13,553 - Default ResourceManager initialization complete.
2026-02-22 18:26:13,555 - Loaded System Directive: org.apache.velocity.runtime.directive.Literal
2026-02-22 18:26:13,555 - Loaded System Directive: org.apache.velocity.runtime.directive.Macro
2026-02-22 18:26:13,557 - Loaded System Directive: org.apache.velocity.runtime.directive.Parse
2026-02-22 18:26:13,557 - Loaded System Directive: org.apache.velocity.runtime.directive.Include
2026-02-22 18:26:13,559 - Loaded System Directive: org.apache.velocity.runtime.directive.Foreach
2026-02-22 18:26:13,574 - Created: 20 parsers.
2026-02-22 18:26:13,579 - Velocimacro : initialization starting.
2026-02-22 18:26:13,579 - Velocimacro : adding VMs from VM library template : VM_global_library.vm
2026-02-22 18:26:13,581 - ResourceManager : unable to find resource 'VM_global_library.vm' in any resource loader.
2026-02-22 18:26:13,581 - Velocimacro : error using  VM library template VM_global_library.vm : org.apache.velocity.exception.ResourceNotFoundException: Unable to find resource 'VM_global_library.vm'
2026-02-22 18:26:13,581 - Velocimacro :  VM library template macro registration complete.
2026-02-22 18:26:13,581 - Velocimacro : allowInline = true : VMs can be defined inline in templates
2026-02-22 18:26:13,581 - Velocimacro : allowInlineToOverride = false : VMs defined inline may NOT replace previous VM definitions
2026-02-22 18:26:13,581 - Velocimacro : allowInlineLocal = false : VMs defined inline will be  global in scope if allowed.
2026-02-22 18:26:13,581 - Velocimacro : messages on  : VM system will output logging messages
2026-02-22 18:26:13,581 - Velocimacro : autoload off  : VM system will not automatically reload global library macros
2026-02-22 18:26:13,581 - Velocimacro : initialization complete.
2026-02-22 18:26:13,581 - Velocity successfully started.
2026-02-22 18:28:50,944 - SimpleLog4JLogSystem initialized using logfile 'velocity.log'
2026-02-22 18:28:50,944 - ************************************************************** 
2026-02-22 18:28:50,944 - Starting Jakarta Velocity v1.4
2026-02-22 18:28:50,944 - RuntimeInstance initializing.
2026-02-22 18:28:50,944 - Default Properties File: org\apache\velocity\runtime\defaults\velocity.properties
2026-02-22 18:28:50,944 - Trying to use logger class org.apache.velocity.runtime.log.SimpleLog4JLogSystem
2026-02-22 18:28:50,944 - Using logger class org.apache.velocity.runtime.log.SimpleLog4JLogSystem
2026-02-22 18:28:50,944 - Default ResourceManager initializing. (class org.apache.velocity.runtime.resource.ResourceManagerImpl)
2026-02-22 18:28:50,944 - Resource Loader Instantiated: org.apache.velocity.runtime.resource.loader.ClasspathResourceLoader
2026-02-22 18:28:50,944 - ClasspathResourceLoader : initialization starting.
2026-02-22 18:28:50,944 - ClasspathResourceLoader : initialization complete.
2026-02-22 18:28:50,944 - ResourceCache : initialized. (class org.apache.velocity.runtime.resource.ResourceCacheImpl)
2026-02-22 18:28:50,944 - Default ResourceManager initialization complete.
2026-02-22 18:28:50,944 - Loaded System Directive: org.apache.velocity.runtime.directive.Literal
2026-02-22 18:28:50,944 - Loaded System Directive: org.apache.velocity.runtime.directive.Macro
2026-02-22 18:28:50,944 - Loaded System Directive: org.apache.velocity.runtime.directive.Parse
2026-02-22 18:28:50,944 - Loaded System Directive: org.apache.velocity.runtime.directive.Include
2026-02-22 18:28:50,944 - Loaded System Directive: org.apache.velocity.runtime.directive.Foreach
2026-02-22 18:28:50,964 - Created: 20 parsers.
2026-02-22 18:28:50,968 - Velocimacro : initialization starting.
2026-02-22 18:28:50,968 - Velocimacro : adding VMs from VM library template : VM_global_library.vm
2026-02-22 18:28:50,971 - ResourceManager : unable to find resource 'VM_global_library.vm' in any resource loader.
2026-02-22 18:28:50,971 - Velocimacro : error using  VM library template VM_global_library.vm : org.apache.velocity.exception.ResourceNotFoundException: Unable to find resource 'VM_global_library.vm'
2026-02-22 18:28:50,971 - Velocimacro :  VM library template macro registration complete.
2026-02-22 18:28:50,971 - Velocimacro : allowInline = true : VMs can be defined inline in templates
2026-02-22 18:28:50,971 - Velocimacro : allowInlineToOverride = false : VMs defined inline may NOT replace previous VM definitions
2026-02-22 18:28:50,971 - Velocimacro : allowInlineLocal = false : VMs defined inline will be  global in scope if allowed.
2026-02-22 18:28:50,971 - Velocimacro : messages on  : VM system will output logging messages
2026-02-22 18:28:50,971 - Velocimacro : autoload off  : VM system will not automatically reload global library macros
2026-02-22 18:28:50,971 - Velocimacro : initialization complete.
2026-02-22 18:28:50,971 - Velocity successfully started.
2026-02-22 18:42:09,713 - SimpleLog4JLogSystem initialized using logfile 'velocity.log'
2026-02-22 18:42:09,715 - ************************************************************** 
2026-02-22 18:42:09,715 - Starting Jakarta Velocity v1.4
2026-02-22 18:42:09,715 - RuntimeInstance initializing.
2026-02-22 18:42:09,715 - Default Properties File: org\apache\velocity\runtime\defaults\velocity.properties
2026-02-22 18:42:09,717 - Trying to use logger class org.apache.velocity.runtime.log.SimpleLog4JLogSystem
2026-02-22 18:42:09,717 - Using logger class org.apache.velocity.runtime.log.SimpleLog4JLogSystem
2026-02-22 18:42:09,719 - Default ResourceManager initializing. (class org.apache.velocity.runtime.resource.ResourceManagerImpl)
2026-02-22 18:42:09,723 - Resource Loader Instantiated: org.apache.velocity.runtime.resource.loader.ClasspathResourceLoader
2026-02-22 18:42:09,723 - ClasspathResourceLoader : initialization starting.
2026-02-22 18:42:09,723 - ClasspathResourceLoader : initialization complete.
2026-02-22 18:42:09,725 - ResourceCache : initialized. (class org.apache.velocity.runtime.resource.ResourceCacheImpl)
2026-02-22 18:42:09,725 - Default ResourceManager initialization complete.
2026-02-22 18:42:09,727 - Loaded System Directive: org.apache.velocity.runtime.directive.Literal
2026-02-22 18:42:09,729 - Loaded System Directive: org.apache.velocity.runtime.directive.Macro
2026-02-22 18:42:09,733 - Loaded System Directive: org.apache.velocity.runtime.directive.Parse
2026-02-22 18:42:09,735 - Loaded System Directive: org.apache.velocity.runtime.directive.Include
2026-02-22 18:42:09,735 - Loaded System Directive: org.apache.velocity.runtime.directive.Foreach
2026-02-22 18:42:09,763 - Created: 20 parsers.
2026-02-22 18:42:09,769 - Velocimacro : initialization starting.
2026-02-22 18:42:09,769 - Velocimacro : adding VMs from VM library template : VM_global_library.vm
2026-02-22 18:42:09,771 - ResourceManager : unable to find resource 'VM_global_library.vm' in any resource loader.
2026-02-22 18:42:09,771 - Velocimacro : error using  VM library template VM_global_library.vm : org.apache.velocity.exception.ResourceNotFoundException: Unable to find resource 'VM_global_library.vm'
2026-02-22 18:42:09,771 - Velocimacro :  VM library template macro registration complete.
2026-02-22 18:42:09,771 - Velocimacro : allowInline = true : VMs can be defined inline in templates
2026-02-22 18:42:09,771 - Velocimacro : allowInlineToOverride = false : VMs defined inline may NOT replace previous VM definitions
2026-02-22 18:42:09,771 - Velocimacro : allowInlineLocal = false : VMs defined inline will be  global in scope if allowed.
2026-02-22 18:42:09,771 - Velocimacro : messages on  : VM system will output logging messages
2026-02-22 18:42:09,771 - Velocimacro : autoload off  : VM system will not automatically reload global library macros
2026-02-22 18:42:09,771 - Velocimacro : initialization complete.
2026-02-22 18:42:09,771 - Velocity successfully started.
2026-02-22 18:54:57,325 - SimpleLog4JLogSystem initialized using logfile 'velocity.log'
2026-02-22 18:54:57,325 - ************************************************************** 
2026-02-22 18:54:57,325 - Starting Jakarta Velocity v1.4
2026-02-22 18:54:57,325 - RuntimeInstance initializing.
2026-02-22 18:54:57,325 - Default Properties File: org\apache\velocity\runtime\defaults\velocity.properties
2026-02-22 18:54:57,325 - Trying to use logger class org.apache.velocity.runtime.log.SimpleLog4JLogSystem
2026-02-22 18:54:57,325 - Using logger class org.apache.velocity.runtime.log.SimpleLog4JLogSystem
2026-02-22 18:54:57,325 - Default ResourceManager initializing. (class org.apache.velocity.runtime.resource.ResourceManagerImpl)
2026-02-22 18:54:57,330 - Resource Loader Instantiated: org.apache.velocity.runtime.resource.loader.ClasspathResourceLoader
2026-02-22 18:54:57,330 - ClasspathResourceLoader : initialization starting.
2026-02-22 18:54:57,330 - ClasspathResourceLoader : initialization complete.
2026-02-22 18:54:57,330 - ResourceCache : initialized. (class org.apache.velocity.runtime.resource.ResourceCacheImpl)
2026-02-22 18:54:57,330 - Default ResourceManager initialization complete.
2026-02-22 18:54:57,330 - Loaded System Directive: org.apache.velocity.runtime.directive.Literal
2026-02-22 18:54:57,330 - Loaded System Directive: org.apache.velocity.runtime.directive.Macro
2026-02-22 18:54:57,335 - Loaded System Directive: org.apache.velocity.runtime.directive.Parse
2026-02-22 18:54:57,335 - Loaded System Directive: org.apache.velocity.runtime.directive.Include
2026-02-22 18:54:57,335 - Loaded System Directive: org.apache.velocity.runtime.directive.Foreach
2026-02-22 18:54:57,344 - Created: 20 parsers.
2026-02-22 18:54:57,344 - Velocimacro : initialization starting.
2026-02-22 18:54:57,344 - Velocimacro : adding VMs from VM library template : VM_global_library.vm
2026-02-22 18:54:57,356 - ResourceManager : unable to find resource 'VM_global_library.vm' in any resource loader.
2026-02-22 18:54:57,356 - Velocimacro : error using  VM library template VM_global_library.vm : org.apache.velocity.exception.ResourceNotFoundException: Unable to find resource 'VM_global_library.vm'
2026-02-22 18:54:57,356 - Velocimacro :  VM library template macro registration complete.
2026-02-22 18:54:57,356 - Velocimacro : allowInline = true : VMs can be defined inline in templates
2026-02-22 18:54:57,356 - Velocimacro : allowInlineToOverride = false : VMs defined inline may NOT replace previous VM definitions
2026-02-22 18:54:57,356 - Velocimacro : allowInlineLocal = false : VMs defined inline will be  global in scope if allowed.
2026-02-22 18:54:57,356 - Velocimacro : messages on  : VM system will output logging messages
2026-02-22 18:54:57,356 - Velocimacro : autoload off  : VM system will not automatically reload global library macros
2026-02-22 18:54:57,356 - Velocimacro : initialization complete.
2026-02-22 18:54:57,356 - Velocity successfully started.
2026-02-22 19:38:13,332 - SimpleLog4JLogSystem initialized using logfile 'velocity.log'
2026-02-22 19:38:13,348 - ************************************************************** 
2026-02-22 19:38:13,348 - Starting Jakarta Velocity v1.4
2026-02-22 19:38:13,348 - RuntimeInstance initializing.
2026-02-22 19:38:13,348 - Default Properties File: org\apache\velocity\runtime\defaults\velocity.properties
2026-02-22 19:38:13,348 - Trying to use logger class org.apache.velocity.runtime.log.SimpleLog4JLogSystem
2026-02-22 19:38:13,348 - Using logger class org.apache.velocity.runtime.log.SimpleLog4JLogSystem
2026-02-22 19:38:13,349 - Default ResourceManager initializing. (class org.apache.velocity.runtime.resource.ResourceManagerImpl)
2026-02-22 19:38:13,349 - Resource Loader Instantiated: org.apache.velocity.runtime.resource.loader.ClasspathResourceLoader
2026-02-22 19:38:13,349 - ClasspathResourceLoader : initialization starting.
2026-02-22 19:38:13,349 - ClasspathResourceLoader : initialization complete.
2026-02-22 19:38:13,349 - ResourceCache : initialized. (class org.apache.velocity.runtime.resource.ResourceCacheImpl)
2026-02-22 19:38:13,349 - Default ResourceManager initialization complete.
2026-02-22 19:38:13,349 - Loaded System Directive: org.apache.velocity.runtime.directive.Literal
2026-02-22 19:38:13,349 - Loaded System Directive: org.apache.velocity.runtime.directive.Macro
2026-02-22 19:38:13,349 - Loaded System Directive: org.apache.velocity.runtime.directive.Parse
2026-02-22 19:38:13,349 - Loaded System Directive: org.apache.velocity.runtime.directive.Include
2026-02-22 19:38:13,349 - Loaded System Directive: org.apache.velocity.runtime.directive.Foreach
2026-02-22 19:38:13,380 - Created: 20 parsers.
2026-02-22 19:38:13,380 - Velocimacro : initialization starting.
2026-02-22 19:38:13,380 - Velocimacro : adding VMs from VM library template : VM_global_library.vm
2026-02-22 19:38:13,395 - ResourceManager : unable to find resource 'VM_global_library.vm' in any resource loader.
2026-02-22 19:38:13,395 - Velocimacro : error using  VM library template VM_global_library.vm : org.apache.velocity.exception.ResourceNotFoundException: Unable to find resource 'VM_global_library.vm'
2026-02-22 19:38:13,395 - Velocimacro :  VM library template macro registration complete.
2026-02-22 19:38:13,395 - Velocimacro : allowInline = true : VMs can be defined inline in templates
2026-02-22 19:38:13,395 - Velocimacro : allowInlineToOverride = false : VMs defined inline may NOT replace previous VM definitions
2026-02-22 19:38:13,395 - Velocimacro : allowInlineLocal = false : VMs defined inline will be  global in scope if allowed.
2026-02-22 19:38:13,395 - Velocimacro : messages on  : VM system will output logging messages
2026-02-22 19:38:13,395 - Velocimacro : autoload off  : VM system will not automatically reload global library macros
2026-02-22 19:38:13,395 - Velocimacro : initialization complete.
2026-02-22 19:38:13,395 - Velocity successfully started.
2026-02-23 13:44:20,800 - SimpleLog4JLogSystem initialized using logfile 'velocity.log'
2026-02-23 13:44:20,800 - ************************************************************** 
2026-02-23 13:44:20,800 - Starting Jakarta Velocity v1.4
2026-02-23 13:44:20,800 - RuntimeInstance initializing.
2026-02-23 13:44:20,800 - Default Properties File: org\apache\velocity\runtime\defaults\velocity.properties
2026-02-23 13:44:20,800 - Trying to use logger class org.apache.velocity.runtime.log.SimpleLog4JLogSystem
2026-02-23 13:44:20,800 - Using logger class org.apache.velocity.runtime.log.SimpleLog4JLogSystem
2026-02-23 13:44:20,800 - Default ResourceManager initializing. (class org.apache.velocity.runtime.resource.ResourceManagerImpl)
2026-02-23 13:44:20,800 - Resource Loader Instantiated: org.apache.velocity.runtime.resource.loader.ClasspathResourceLoader
2026-02-23 13:44:20,800 - ClasspathResourceLoader : initialization starting.
2026-02-23 13:44:20,800 - ClasspathResourceLoader : initialization complete.
2026-02-23 13:44:20,800 - ResourceCache : initialized. (class org.apache.velocity.runtime.resource.ResourceCacheImpl)
2026-02-23 13:44:20,800 - Default ResourceManager initialization complete.
2026-02-23 13:44:20,800 - Loaded System Directive: org.apache.velocity.runtime.directive.Literal
2026-02-23 13:44:20,800 - Loaded System Directive: org.apache.velocity.runtime.directive.Macro
2026-02-23 13:44:20,800 - Loaded System Directive: org.apache.velocity.runtime.directive.Parse
2026-02-23 13:44:20,815 - Loaded System Directive: org.apache.velocity.runtime.directive.Include
2026-02-23 13:44:20,815 - Loaded System Directive: org.apache.velocity.runtime.directive.Foreach
2026-02-23 13:44:20,831 - Created: 20 parsers.
2026-02-23 13:44:20,831 - Velocimacro : initialization starting.
2026-02-23 13:44:20,831 - Velocimacro : adding VMs from VM library template : VM_global_library.vm
2026-02-23 13:44:20,847 - ResourceManager : unable to find resource 'VM_global_library.vm' in any resource loader.
2026-02-23 13:44:20,847 - Velocimacro : error using  VM library template VM_global_library.vm : org.apache.velocity.exception.ResourceNotFoundException: Unable to find resource 'VM_global_library.vm'
2026-02-23 13:44:20,847 - Velocimacro :  VM library template macro registration complete.
2026-02-23 13:44:20,847 - Velocimacro : allowInline = true : VMs can be defined inline in templates
2026-02-23 13:44:20,847 - Velocimacro : allowInlineToOverride = false : VMs defined inline may NOT replace previous VM definitions
2026-02-23 13:44:20,847 - Velocimacro : allowInlineLocal = false : VMs defined inline will be  global in scope if allowed.
2026-02-23 13:44:20,847 - Velocimacro : messages on  : VM system will output logging messages
2026-02-23 13:44:20,847 - Velocimacro : autoload off  : VM system will not automatically reload global library macros
2026-02-23 13:44:20,847 - Velocimacro : initialization complete.
2026-02-23 13:44:20,847 - Velocity successfully started.
2026-02-23 13:50:15,538 - SimpleLog4JLogSystem initialized using logfile 'velocity.log'
2026-02-23 13:50:15,538 - ************************************************************** 
2026-02-23 13:50:15,538 - Starting Jakarta Velocity v1.4
2026-02-23 13:50:15,538 - RuntimeInstance initializing.
2026-02-23 13:50:15,538 - Default Properties File: org\apache\velocity\runtime\defaults\velocity.properties
2026-02-23 13:50:15,538 - Trying to use logger class org.apache.velocity.runtime.log.SimpleLog4JLogSystem
2026-02-23 13:50:15,538 - Using logger class org.apache.velocity.runtime.log.SimpleLog4JLogSystem
2026-02-23 13:50:15,538 - Default ResourceManager initializing. (class org.apache.velocity.runtime.resource.ResourceManagerImpl)
2026-02-23 13:50:15,553 - Resource Loader Instantiated: org.apache.velocity.runtime.resource.loader.ClasspathResourceLoader
2026-02-23 13:50:15,553 - ClasspathResourceLoader : initialization starting.
2026-02-23 13:50:15,553 - ClasspathResourceLoader : initialization complete.
2026-02-23 13:50:15,553 - ResourceCache : initialized. (class org.apache.velocity.runtime.resource.ResourceCacheImpl)
2026-02-23 13:50:15,553 - Default ResourceManager initialization complete.
2026-02-23 13:50:15,553 - Loaded System Directive: org.apache.velocity.runtime.directive.Literal
2026-02-23 13:50:15,553 - Loaded System Directive: org.apache.velocity.runtime.directive.Macro
2026-02-23 13:50:15,553 - Loaded System Directive: org.apache.velocity.runtime.directive.Parse
2026-02-23 13:50:15,553 - Loaded System Directive: org.apache.velocity.runtime.directive.Include
2026-02-23 13:50:15,553 - Loaded System Directive: org.apache.velocity.runtime.directive.Foreach
2026-02-23 13:50:15,569 - Created: 20 parsers.
2026-02-23 13:50:15,585 - Velocimacro : initialization starting.
2026-02-23 13:50:15,585 - Velocimacro : adding VMs from VM library template : VM_global_library.vm
2026-02-23 13:50:15,585 - ResourceManager : unable to find resource 'VM_global_library.vm' in any resource loader.
2026-02-23 13:50:15,585 - Velocimacro : error using  VM library template VM_global_library.vm : org.apache.velocity.exception.ResourceNotFoundException: Unable to find resource 'VM_global_library.vm'
2026-02-23 13:50:15,585 - Velocimacro :  VM library template macro registration complete.
2026-02-23 13:50:15,585 - Velocimacro : allowInline = true : VMs can be defined inline in templates
2026-02-23 13:50:15,585 - Velocimacro : allowInlineToOverride = false : VMs defined inline may NOT replace previous VM definitions
2026-02-23 13:50:15,585 - Velocimacro : allowInlineLocal = false : VMs defined inline will be  global in scope if allowed.
2026-02-23 13:50:15,585 - Velocimacro : messages on  : VM system will output logging messages
2026-02-23 13:50:15,585 - Velocimacro : autoload off  : VM system will not automatically reload global library macros
2026-02-23 13:50:15,585 - Velocimacro : initialization complete.
2026-02-23 13:50:15,585 - Velocity successfully started.
2026-02-23 14:15:46,301 - SimpleLog4JLogSystem initialized using logfile 'velocity.log'
2026-02-23 14:15:46,301 - ************************************************************** 
2026-02-23 14:15:46,301 - Starting Jakarta Velocity v1.4
2026-02-23 14:15:46,301 - RuntimeInstance initializing.
2026-02-23 14:15:46,301 - Default Properties File: org\apache\velocity\runtime\defaults\velocity.properties
2026-02-23 14:15:46,317 - Trying to use logger class org.apache.velocity.runtime.log.SimpleLog4JLogSystem
2026-02-23 14:15:46,317 - Using logger class org.apache.velocity.runtime.log.SimpleLog4JLogSystem
2026-02-23 14:15:46,317 - Default ResourceManager initializing. (class org.apache.velocity.runtime.resource.ResourceManagerImpl)
2026-02-23 14:15:46,317 - Resource Loader Instantiated: org.apache.velocity.runtime.resource.loader.ClasspathResourceLoader
2026-02-23 14:15:46,317 - ClasspathResourceLoader : initialization starting.
2026-02-23 14:15:46,317 - ClasspathResourceLoader : initialization complete.
2026-02-23 14:15:46,317 - ResourceCache : initialized. (class org.apache.velocity.runtime.resource.ResourceCacheImpl)
2026-02-23 14:15:46,317 - Default ResourceManager initialization complete.
2026-02-23 14:15:46,317 - Loaded System Directive: org.apache.velocity.runtime.directive.Literal
2026-02-23 14:15:46,317 - Loaded System Directive: org.apache.velocity.runtime.directive.Macro
2026-02-23 14:15:46,317 - Loaded System Directive: org.apache.velocity.runtime.directive.Parse
2026-02-23 14:15:46,317 - Loaded System Directive: org.apache.velocity.runtime.directive.Include
2026-02-23 14:15:46,317 - Loaded System Directive: org.apache.velocity.runtime.directive.Foreach
2026-02-23 14:15:46,333 - Created: 20 parsers.
2026-02-23 14:15:46,333 - Velocimacro : initialization starting.
2026-02-23 14:15:46,333 - Velocimacro : adding VMs from VM library template : VM_global_library.vm
2026-02-23 14:15:46,333 - ResourceManager : unable to find resource 'VM_global_library.vm' in any resource loader.
2026-02-23 14:15:46,333 - Velocimacro : error using  VM library template VM_global_library.vm : org.apache.velocity.exception.ResourceNotFoundException: Unable to find resource 'VM_global_library.vm'
2026-02-23 14:15:46,333 - Velocimacro :  VM library template macro registration complete.
2026-02-23 14:15:46,333 - Velocimacro : allowInline = true : VMs can be defined inline in templates
2026-02-23 14:15:46,333 - Velocimacro : allowInlineToOverride = false : VMs defined inline may NOT replace previous VM definitions
2026-02-23 14:15:46,333 - Velocimacro : allowInlineLocal = false : VMs defined inline will be  global in scope if allowed.
2026-02-23 14:15:46,333 - Velocimacro : messages on  : VM system will output logging messages
2026-02-23 14:15:46,333 - Velocimacro : autoload off  : VM system will not automatically reload global library macros
2026-02-23 14:15:46,333 - Velocimacro : initialization complete.
2026-02-23 14:15:46,333 - Velocity successfully started.
2026-02-23 15:46:22,822 - SimpleLog4JLogSystem initialized using logfile 'velocity.log'
2026-02-23 15:46:22,822 - ************************************************************** 
2026-02-23 15:46:22,822 - Starting Jakarta Velocity v1.4
2026-02-23 15:46:22,822 - RuntimeInstance initializing.
2026-02-23 15:46:22,822 - Default Properties File: org\apache\velocity\runtime\defaults\velocity.properties
2026-02-23 15:46:22,822 - Trying to use logger class org.apache.velocity.runtime.log.SimpleLog4JLogSystem
2026-02-23 15:46:22,822 - Using logger class org.apache.velocity.runtime.log.SimpleLog4JLogSystem
2026-02-23 15:46:22,822 - Default ResourceManager initializing. (class org.apache.velocity.runtime.resource.ResourceManagerImpl)
2026-02-23 15:46:22,822 - Resource Loader Instantiated: org.apache.velocity.runtime.resource.loader.ClasspathResourceLoader
2026-02-23 15:46:22,822 - ClasspathResourceLoader : initialization starting.
2026-02-23 15:46:22,822 - ClasspathResourceLoader : initialization complete.
2026-02-23 15:46:22,822 - ResourceCache : initialized. (class org.apache.velocity.runtime.resource.ResourceCacheImpl)
2026-02-23 15:46:22,822 - Default ResourceManager initialization complete.
2026-02-23 15:46:22,822 - Loaded System Directive: org.apache.velocity.runtime.directive.Literal
2026-02-23 15:46:22,822 - Loaded System Directive: org.apache.velocity.runtime.directive.Macro
2026-02-23 15:46:22,822 - Loaded System Directive: org.apache.velocity.runtime.directive.Parse
2026-02-23 15:46:22,838 - Loaded System Directive: org.apache.velocity.runtime.directive.Include
2026-02-23 15:46:22,838 - Loaded System Directive: org.apache.velocity.runtime.directive.Foreach
2026-02-23 15:46:22,869 - Created: 20 parsers.
2026-02-23 15:46:22,869 - Velocimacro : initialization starting.
2026-02-23 15:46:22,869 - Velocimacro : adding VMs from VM library template : VM_global_library.vm
2026-02-23 15:46:22,869 - ResourceManager : unable to find resource 'VM_global_library.vm' in any resource loader.
2026-02-23 15:46:22,869 - Velocimacro : error using  VM library template VM_global_library.vm : org.apache.velocity.exception.ResourceNotFoundException: Unable to find resource 'VM_global_library.vm'
2026-02-23 15:46:22,869 - Velocimacro :  VM library template macro registration complete.
2026-02-23 15:46:22,869 - Velocimacro : allowInline = true : VMs can be defined inline in templates
2026-02-23 15:46:22,869 - Velocimacro : allowInlineToOverride = false : VMs defined inline may NOT replace previous VM definitions
2026-02-23 15:46:22,869 - Velocimacro : allowInlineLocal = false : VMs defined inline will be  global in scope if allowed.
2026-02-23 15:46:22,869 - Velocimacro : messages on  : VM system will output logging messages
2026-02-23 15:46:22,869 - Velocimacro : autoload off  : VM system will not automatically reload global library macros
2026-02-23 15:46:22,869 - Velocimacro : initialization complete.
2026-02-23 15:46:22,869 - Velocity successfully started.
2026-02-23 15:47:49,224 - SimpleLog4JLogSystem initialized using logfile 'velocity.log'
2026-02-23 15:47:49,224 - ************************************************************** 
2026-02-23 15:47:49,224 - Starting Jakarta Velocity v1.4
2026-02-23 15:47:49,224 - RuntimeInstance initializing.
2026-02-23 15:47:49,224 - Default Properties File: org\apache\velocity\runtime\defaults\velocity.properties
2026-02-23 15:47:49,224 - Trying to use logger class org.apache.velocity.runtime.log.SimpleLog4JLogSystem
2026-02-23 15:47:49,224 - Using logger class org.apache.velocity.runtime.log.SimpleLog4JLogSystem
2026-02-23 15:47:49,224 - Default ResourceManager initializing. (class org.apache.velocity.runtime.resource.ResourceManagerImpl)
2026-02-23 15:47:49,224 - Resource Loader Instantiated: org.apache.velocity.runtime.resource.loader.ClasspathResourceLoader
2026-02-23 15:47:49,224 - ClasspathResourceLoader : initialization starting.
2026-02-23 15:47:49,224 - ClasspathResourceLoader : initialization complete.
2026-02-23 15:47:49,224 - ResourceCache : initialized. (class org.apache.velocity.runtime.resource.ResourceCacheImpl)
2026-02-23 15:47:49,224 - Default ResourceManager initialization complete.
2026-02-23 15:47:49,224 - Loaded System Directive: org.apache.velocity.runtime.directive.Literal
2026-02-23 15:47:49,224 - Loaded System Directive: org.apache.velocity.runtime.directive.Macro
2026-02-23 15:47:49,224 - Loaded System Directive: org.apache.velocity.runtime.directive.Parse
2026-02-23 15:47:49,224 - Loaded System Directive: org.apache.velocity.runtime.directive.Include
2026-02-23 15:47:49,240 - Loaded System Directive: org.apache.velocity.runtime.directive.Foreach
2026-02-23 15:47:49,255 - Created: 20 parsers.
2026-02-23 15:47:49,271 - Velocimacro : initialization starting.
2026-02-23 15:47:49,271 - Velocimacro : adding VMs from VM library template : VM_global_library.vm
2026-02-23 15:47:49,271 - ResourceManager : unable to find resource 'VM_global_library.vm' in any resource loader.
2026-02-23 15:47:49,271 - Velocimacro : error using  VM library template VM_global_library.vm : org.apache.velocity.exception.ResourceNotFoundException: Unable to find resource 'VM_global_library.vm'
2026-02-23 15:47:49,271 - Velocimacro :  VM library template macro registration complete.
2026-02-23 15:47:49,271 - Velocimacro : allowInline = true : VMs can be defined inline in templates
2026-02-23 15:47:49,271 - Velocimacro : allowInlineToOverride = false : VMs defined inline may NOT replace previous VM definitions
2026-02-23 15:47:49,271 - Velocimacro : allowInlineLocal = false : VMs defined inline will be  global in scope if allowed.
2026-02-23 15:47:49,271 - Velocimacro : messages on  : VM system will output logging messages
2026-02-23 15:47:49,271 - Velocimacro : autoload off  : VM system will not automatically reload global library macros
2026-02-23 15:47:49,271 - Velocimacro : initialization complete.
2026-02-23 15:47:49,271 - Velocity successfully started.
2026-02-23 17:20:53,673 - SimpleLog4JLogSystem initialized using logfile 'velocity.log'
2026-02-23 17:20:53,673 - ************************************************************** 
2026-02-23 17:20:53,673 - Starting Jakarta Velocity v1.4
2026-02-23 17:20:53,673 - RuntimeInstance initializing.
2026-02-23 17:20:53,673 - Default Properties File: org\apache\velocity\runtime\defaults\velocity.properties
2026-02-23 17:20:53,673 - Trying to use logger class org.apache.velocity.runtime.log.SimpleLog4JLogSystem
2026-02-23 17:20:53,673 - Using logger class org.apache.velocity.runtime.log.SimpleLog4JLogSystem
2026-02-23 17:20:53,673 - Default ResourceManager initializing. (class org.apache.velocity.runtime.resource.ResourceManagerImpl)
2026-02-23 17:20:53,673 - Resource Loader Instantiated: org.apache.velocity.runtime.resource.loader.ClasspathResourceLoader
2026-02-23 17:20:53,673 - ClasspathResourceLoader : initialization starting.
2026-02-23 17:20:53,673 - ClasspathResourceLoader : initialization complete.
2026-02-23 17:20:53,673 - ResourceCache : initialized. (class org.apache.velocity.runtime.resource.ResourceCacheImpl)
2026-02-23 17:20:53,673 - Default ResourceManager initialization complete.
2026-02-23 17:20:53,673 - Loaded System Directive: org.apache.velocity.runtime.directive.Literal
2026-02-23 17:20:53,673 - Loaded System Directive: org.apache.velocity.runtime.directive.Macro
2026-02-23 17:20:53,673 - Loaded System Directive: org.apache.velocity.runtime.directive.Parse
2026-02-23 17:20:53,689 - Loaded System Directive: org.apache.velocity.runtime.directive.Include
2026-02-23 17:20:53,689 - Loaded System Directive: org.apache.velocity.runtime.directive.Foreach
2026-02-23 17:20:53,705 - Created: 20 parsers.
2026-02-23 17:20:53,705 - Velocimacro : initialization starting.
2026-02-23 17:20:53,705 - Velocimacro : adding VMs from VM library template : VM_global_library.vm
2026-02-23 17:20:53,705 - ResourceManager : unable to find resource 'VM_global_library.vm' in any resource loader.
2026-02-23 17:20:53,705 - Velocimacro : error using  VM library template VM_global_library.vm : org.apache.velocity.exception.ResourceNotFoundException: Unable to find resource 'VM_global_library.vm'
2026-02-23 17:20:53,705 - Velocimacro :  VM library template macro registration complete.
2026-02-23 17:20:53,705 - Velocimacro : allowInline = true : VMs can be defined inline in templates
2026-02-23 17:20:53,705 - Velocimacro : allowInlineToOverride = false : VMs defined inline may NOT replace previous VM definitions
2026-02-23 17:20:53,705 - Velocimacro : allowInlineLocal = false : VMs defined inline will be  global in scope if allowed.
2026-02-23 17:20:53,705 - Velocimacro : messages on  : VM system will output logging messages
2026-02-23 17:20:53,705 - Velocimacro : autoload off  : VM system will not automatically reload global library macros
2026-02-23 17:20:53,705 - Velocimacro : initialization complete.
2026-02-23 17:20:53,705 - Velocity successfully started.
2026-02-23 18:10:50,721 - SimpleLog4JLogSystem initialized using logfile 'velocity.log'
2026-02-23 18:10:50,721 - ************************************************************** 
2026-02-23 18:10:50,721 - Starting Jakarta Velocity v1.4
2026-02-23 18:10:50,721 - RuntimeInstance initializing.
2026-02-23 18:10:50,721 - Default Properties File: org\apache\velocity\runtime\defaults\velocity.properties
2026-02-23 18:10:50,721 - Trying to use logger class org.apache.velocity.runtime.log.SimpleLog4JLogSystem
2026-02-23 18:10:50,721 - Using logger class org.apache.velocity.runtime.log.SimpleLog4JLogSystem
2026-02-23 18:10:50,736 - Default ResourceManager initializing. (class org.apache.velocity.runtime.resource.ResourceManagerImpl)
2026-02-23 18:10:50,736 - Resource Loader Instantiated: org.apache.velocity.runtime.resource.loader.ClasspathResourceLoader
2026-02-23 18:10:50,736 - ClasspathResourceLoader : initialization starting.
2026-02-23 18:10:50,736 - ClasspathResourceLoader : initialization complete.
2026-02-23 18:10:50,736 - ResourceCache : initialized. (class org.apache.velocity.runtime.resource.ResourceCacheImpl)
2026-02-23 18:10:50,736 - Default ResourceManager initialization complete.
2026-02-23 18:10:50,736 - Loaded System Directive: org.apache.velocity.runtime.directive.Literal
2026-02-23 18:10:50,736 - Loaded System Directive: org.apache.velocity.runtime.directive.Macro
2026-02-23 18:10:50,736 - Loaded System Directive: org.apache.velocity.runtime.directive.Parse
2026-02-23 18:10:50,736 - Loaded System Directive: org.apache.velocity.runtime.directive.Include
2026-02-23 18:10:50,736 - Loaded System Directive: org.apache.velocity.runtime.directive.Foreach
2026-02-23 18:10:50,767 - Created: 20 parsers.
2026-02-23 18:10:50,767 - Velocimacro : initialization starting.
2026-02-23 18:10:50,767 - Velocimacro : adding VMs from VM library template : VM_global_library.vm
2026-02-23 18:10:50,783 - ResourceManager : unable to find resource 'VM_global_library.vm' in any resource loader.
2026-02-23 18:10:50,783 - Velocimacro : error using  VM library template VM_global_library.vm : org.apache.velocity.exception.ResourceNotFoundException: Unable to find resource 'VM_global_library.vm'
2026-02-23 18:10:50,783 - Velocimacro :  VM library template macro registration complete.
2026-02-23 18:10:50,783 - Velocimacro : allowInline = true : VMs can be defined inline in templates
2026-02-23 18:10:50,783 - Velocimacro : allowInlineToOverride = false : VMs defined inline may NOT replace previous VM definitions
2026-02-23 18:10:50,783 - Velocimacro : allowInlineLocal = false : VMs defined inline will be  global in scope if allowed.
2026-02-23 18:10:50,783 - Velocimacro : messages on  : VM system will output logging messages
2026-02-23 18:10:50,783 - Velocimacro : autoload off  : VM system will not automatically reload global library macros
2026-02-23 18:10:50,783 - Velocimacro : initialization complete.
2026-02-23 18:10:50,783 - Velocity successfully started.
2026-02-23 18:11:30,586 - SimpleLog4JLogSystem initialized using logfile 'velocity.log'
2026-02-23 18:11:30,586 - ************************************************************** 
2026-02-23 18:11:30,586 - Starting Jakarta Velocity v1.4
2026-02-23 18:11:30,586 - RuntimeInstance initializing.
2026-02-23 18:11:30,586 - Default Properties File: org\apache\velocity\runtime\defaults\velocity.properties
2026-02-23 18:11:30,586 - Trying to use logger class org.apache.velocity.runtime.log.SimpleLog4JLogSystem
2026-02-23 18:11:30,586 - Using logger class org.apache.velocity.runtime.log.SimpleLog4JLogSystem
2026-02-23 18:11:30,586 - Default ResourceManager initializing. (class org.apache.velocity.runtime.resource.ResourceManagerImpl)
2026-02-23 18:11:30,586 - Resource Loader Instantiated: org.apache.velocity.runtime.resource.loader.ClasspathResourceLoader
2026-02-23 18:11:30,586 - ClasspathResourceLoader : initialization starting.
2026-02-23 18:11:30,586 - ClasspathResourceLoader : initialization complete.
2026-02-23 18:11:30,586 - ResourceCache : initialized. (class org.apache.velocity.runtime.resource.ResourceCacheImpl)
2026-02-23 18:11:30,586 - Default ResourceManager initialization complete.
2026-02-23 18:11:30,586 - Loaded System Directive: org.apache.velocity.runtime.directive.Literal
2026-02-23 18:11:30,586 - Loaded System Directive: org.apache.velocity.runtime.directive.Macro
2026-02-23 18:11:30,586 - Loaded System Directive: org.apache.velocity.runtime.directive.Parse
2026-02-23 18:11:30,586 - Loaded System Directive: org.apache.velocity.runtime.directive.Include
2026-02-23 18:11:30,586 - Loaded System Directive: org.apache.velocity.runtime.directive.Foreach
2026-02-23 18:11:30,618 - Created: 20 parsers.
2026-02-23 18:11:30,633 - Velocimacro : initialization starting.
2026-02-23 18:11:30,633 - Velocimacro : adding VMs from VM library template : VM_global_library.vm
2026-02-23 18:11:30,633 - ResourceManager : unable to find resource 'VM_global_library.vm' in any resource loader.
2026-02-23 18:11:30,633 - Velocimacro : error using  VM library template VM_global_library.vm : org.apache.velocity.exception.ResourceNotFoundException: Unable to find resource 'VM_global_library.vm'
2026-02-23 18:11:30,633 - Velocimacro :  VM library template macro registration complete.
2026-02-23 18:11:30,633 - Velocimacro : allowInline = true : VMs can be defined inline in templates
2026-02-23 18:11:30,633 - Velocimacro : allowInlineToOverride = false : VMs defined inline may NOT replace previous VM definitions
2026-02-23 18:11:30,633 - Velocimacro : allowInlineLocal = false : VMs defined inline will be  global in scope if allowed.
2026-02-23 18:11:30,633 - Velocimacro : messages on  : VM system will output logging messages
2026-02-23 18:11:30,633 - Velocimacro : autoload off  : VM system will not automatically reload global library macros
2026-02-23 18:11:30,633 - Velocimacro : initialization complete.
2026-02-23 18:11:30,633 - Velocity successfully started.
2026-02-23 18:13:29,760 - SimpleLog4JLogSystem initialized using logfile 'velocity.log'
2026-02-23 18:13:29,760 - ************************************************************** 
2026-02-23 18:13:29,760 - Starting Jakarta Velocity v1.4
2026-02-23 18:13:29,760 - RuntimeInstance initializing.
2026-02-23 18:13:29,760 - Default Properties File: org\apache\velocity\runtime\defaults\velocity.properties
2026-02-23 18:13:29,760 - Trying to use logger class org.apache.velocity.runtime.log.SimpleLog4JLogSystem
2026-02-23 18:13:29,760 - Using logger class org.apache.velocity.runtime.log.SimpleLog4JLogSystem
2026-02-23 18:13:29,760 - Default ResourceManager initializing. (class org.apache.velocity.runtime.resource.ResourceManagerImpl)
2026-02-23 18:13:29,760 - Resource Loader Instantiated: org.apache.velocity.runtime.resource.loader.ClasspathResourceLoader
2026-02-23 18:13:29,760 - ClasspathResourceLoader : initialization starting.
2026-02-23 18:13:29,760 - ClasspathResourceLoader : initialization complete.
2026-02-23 18:13:29,760 - ResourceCache : initialized. (class org.apache.velocity.runtime.resource.ResourceCacheImpl)
2026-02-23 18:13:29,760 - Default ResourceManager initialization complete.
2026-02-23 18:13:29,760 - Loaded System Directive: org.apache.velocity.runtime.directive.Literal
2026-02-23 18:13:29,760 - Loaded System Directive: org.apache.velocity.runtime.directive.Macro
2026-02-23 18:13:29,760 - Loaded System Directive: org.apache.velocity.runtime.directive.Parse
2026-02-23 18:13:29,776 - Loaded System Directive: org.apache.velocity.runtime.directive.Include
2026-02-23 18:13:29,776 - Loaded System Directive: org.apache.velocity.runtime.directive.Foreach
2026-02-23 18:13:29,791 - Created: 20 parsers.
2026-02-23 18:13:29,807 - Velocimacro : initialization starting.
2026-02-23 18:13:29,807 - Velocimacro : adding VMs from VM library template : VM_global_library.vm
2026-02-23 18:13:29,807 - ResourceManager : unable to find resource 'VM_global_library.vm' in any resource loader.
2026-02-23 18:13:29,807 - Velocimacro : error using  VM library template VM_global_library.vm : org.apache.velocity.exception.ResourceNotFoundException: Unable to find resource 'VM_global_library.vm'
2026-02-23 18:13:29,807 - Velocimacro :  VM library template macro registration complete.
2026-02-23 18:13:29,807 - Velocimacro : allowInline = true : VMs can be defined inline in templates
2026-02-23 18:13:29,807 - Velocimacro : allowInlineToOverride = false : VMs defined inline may NOT replace previous VM definitions
2026-02-23 18:13:29,807 - Velocimacro : allowInlineLocal = false : VMs defined inline will be  global in scope if allowed.
2026-02-23 18:13:29,807 - Velocimacro : messages on  : VM system will output logging messages
2026-02-23 18:13:29,807 - Velocimacro : autoload off  : VM system will not automatically reload global library macros
2026-02-23 18:13:29,807 - Velocimacro : initialization complete.
2026-02-23 18:13:29,807 - Velocity successfully started.
2026-02-23 18:15:11,411 - SimpleLog4JLogSystem initialized using logfile 'velocity.log'
2026-02-23 18:15:11,426 - ************************************************************** 
2026-02-23 18:15:11,426 - Starting Jakarta Velocity v1.4
2026-02-23 18:15:11,426 - RuntimeInstance initializing.
2026-02-23 18:15:11,426 - Default Properties File: org\apache\velocity\runtime\defaults\velocity.properties
2026-02-23 18:15:11,426 - Trying to use logger class org.apache.velocity.runtime.log.SimpleLog4JLogSystem
2026-02-23 18:15:11,426 - Using logger class org.apache.velocity.runtime.log.SimpleLog4JLogSystem
2026-02-23 18:15:11,426 - Default ResourceManager initializing. (class org.apache.velocity.runtime.resource.ResourceManagerImpl)
2026-02-23 18:15:11,426 - Resource Loader Instantiated: org.apache.velocity.runtime.resource.loader.ClasspathResourceLoader
2026-02-23 18:15:11,426 - ClasspathResourceLoader : initialization starting.
2026-02-23 18:15:11,426 - ClasspathResourceLoader : initialization complete.
2026-02-23 18:15:11,426 - ResourceCache : initialized. (class org.apache.velocity.runtime.resource.ResourceCacheImpl)
2026-02-23 18:15:11,426 - Default ResourceManager initialization complete.
2026-02-23 18:15:11,426 - Loaded System Directive: org.apache.velocity.runtime.directive.Literal
2026-02-23 18:15:11,426 - Loaded System Directive: org.apache.velocity.runtime.directive.Macro
2026-02-23 18:15:11,426 - Loaded System Directive: org.apache.velocity.runtime.directive.Parse
2026-02-23 18:15:11,426 - Loaded System Directive: org.apache.velocity.runtime.directive.Include
2026-02-23 18:15:11,426 - Loaded System Directive: org.apache.velocity.runtime.directive.Foreach
2026-02-23 18:15:11,457 - Created: 20 parsers.
2026-02-23 18:15:11,457 - Velocimacro : initialization starting.
2026-02-23 18:15:11,457 - Velocimacro : adding VMs from VM library template : VM_global_library.vm
2026-02-23 18:15:11,473 - ResourceManager : unable to find resource 'VM_global_library.vm' in any resource loader.
2026-02-23 18:15:11,473 - Velocimacro : error using  VM library template VM_global_library.vm : org.apache.velocity.exception.ResourceNotFoundException: Unable to find resource 'VM_global_library.vm'
2026-02-23 18:15:11,473 - Velocimacro :  VM library template macro registration complete.
2026-02-23 18:15:11,473 - Velocimacro : allowInline = true : VMs can be defined inline in templates
2026-02-23 18:15:11,473 - Velocimacro : allowInlineToOverride = false : VMs defined inline may NOT replace previous VM definitions
2026-02-23 18:15:11,473 - Velocimacro : allowInlineLocal = false : VMs defined inline will be  global in scope if allowed.
2026-02-23 18:15:11,473 - Velocimacro : messages on  : VM system will output logging messages
2026-02-23 18:15:11,473 - Velocimacro : autoload off  : VM system will not automatically reload global library macros
2026-02-23 18:15:11,473 - Velocimacro : initialization complete.
2026-02-23 18:15:11,473 - Velocity successfully started.
2026-02-23 18:18:24,087 - SimpleLog4JLogSystem initialized using logfile 'velocity.log'
2026-02-23 18:18:24,087 - ************************************************************** 
2026-02-23 18:18:24,087 - Starting Jakarta Velocity v1.4
2026-02-23 18:18:24,087 - RuntimeInstance initializing.
2026-02-23 18:18:24,087 - Default Properties File: org\apache\velocity\runtime\defaults\velocity.properties
2026-02-23 18:18:24,087 - Trying to use logger class org.apache.velocity.runtime.log.SimpleLog4JLogSystem
2026-02-23 18:18:24,087 - Using logger class org.apache.velocity.runtime.log.SimpleLog4JLogSystem
2026-02-23 18:18:24,087 - Default ResourceManager initializing. (class org.apache.velocity.runtime.resource.ResourceManagerImpl)
2026-02-23 18:18:24,087 - Resource Loader Instantiated: org.apache.velocity.runtime.resource.loader.ClasspathResourceLoader
2026-02-23 18:18:24,087 - ClasspathResourceLoader : initialization starting.
2026-02-23 18:18:24,087 - ClasspathResourceLoader : initialization complete.
2026-02-23 18:18:24,087 - ResourceCache : initialized. (class org.apache.velocity.runtime.resource.ResourceCacheImpl)
2026-02-23 18:18:24,087 - Default ResourceManager initialization complete.
2026-02-23 18:18:24,087 - Loaded System Directive: org.apache.velocity.runtime.directive.Literal
2026-02-23 18:18:24,087 - Loaded System Directive: org.apache.velocity.runtime.directive.Macro
2026-02-23 18:18:24,087 - Loaded System Directive: org.apache.velocity.runtime.directive.Parse
2026-02-23 18:18:24,087 - Loaded System Directive: org.apache.velocity.runtime.directive.Include
2026-02-23 18:18:24,087 - Loaded System Directive: org.apache.velocity.runtime.directive.Foreach
2026-02-23 18:18:24,119 - Created: 20 parsers.
2026-02-23 18:18:24,119 - Velocimacro : initialization starting.
2026-02-23 18:18:24,119 - Velocimacro : adding VMs from VM library template : VM_global_library.vm
2026-02-23 18:18:24,134 - ResourceManager : unable to find resource 'VM_global_library.vm' in any resource loader.
2026-02-23 18:18:24,134 - Velocimacro : error using  VM library template VM_global_library.vm : org.apache.velocity.exception.ResourceNotFoundException: Unable to find resource 'VM_global_library.vm'
2026-02-23 18:18:24,134 - Velocimacro :  VM library template macro registration complete.
2026-02-23 18:18:24,134 - Velocimacro : allowInline = true : VMs can be defined inline in templates
2026-02-23 18:18:24,134 - Velocimacro : allowInlineToOverride = false : VMs defined inline may NOT replace previous VM definitions
2026-02-23 18:18:24,134 - Velocimacro : allowInlineLocal = false : VMs defined inline will be  global in scope if allowed.
2026-02-23 18:18:24,134 - Velocimacro : messages on  : VM system will output logging messages
2026-02-23 18:18:24,134 - Velocimacro : autoload off  : VM system will not automatically reload global library macros
2026-02-23 18:18:24,134 - Velocimacro : initialization complete.
2026-02-23 18:18:24,134 - Velocity successfully started.
2026-02-23 18:19:15,338 - SimpleLog4JLogSystem initialized using logfile 'velocity.log'
2026-02-23 18:19:15,338 - ************************************************************** 
2026-02-23 18:19:15,338 - Starting Jakarta Velocity v1.4
2026-02-23 18:19:15,338 - RuntimeInstance initializing.
2026-02-23 18:19:15,338 - Default Properties File: org\apache\velocity\runtime\defaults\velocity.properties
2026-02-23 18:19:15,338 - Trying to use logger class org.apache.velocity.runtime.log.SimpleLog4JLogSystem
2026-02-23 18:19:15,338 - Using logger class org.apache.velocity.runtime.log.SimpleLog4JLogSystem
2026-02-23 18:19:15,338 - Default ResourceManager initializing. (class org.apache.velocity.runtime.resource.ResourceManagerImpl)
2026-02-23 18:19:15,338 - Resource Loader Instantiated: org.apache.velocity.runtime.resource.loader.ClasspathResourceLoader
2026-02-23 18:19:15,338 - ClasspathResourceLoader : initialization starting.
2026-02-23 18:19:15,338 - ClasspathResourceLoader : initialization complete.
2026-02-23 18:19:15,338 - ResourceCache : initialized. (class org.apache.velocity.runtime.resource.ResourceCacheImpl)
2026-02-23 18:19:15,338 - Default ResourceManager initialization complete.
2026-02-23 18:19:15,354 - Loaded System Directive: org.apache.velocity.runtime.directive.Literal
2026-02-23 18:19:15,354 - Loaded System Directive: org.apache.velocity.runtime.directive.Macro
2026-02-23 18:19:15,354 - Loaded System Directive: org.apache.velocity.runtime.directive.Parse
2026-02-23 18:19:15,354 - Loaded System Directive: org.apache.velocity.runtime.directive.Include
2026-02-23 18:19:15,354 - Loaded System Directive: org.apache.velocity.runtime.directive.Foreach
2026-02-23 18:19:15,385 - Created: 20 parsers.
2026-02-23 18:19:15,385 - Velocimacro : initialization starting.
2026-02-23 18:19:15,385 - Velocimacro : adding VMs from VM library template : VM_global_library.vm
2026-02-23 18:19:15,385 - ResourceManager : unable to find resource 'VM_global_library.vm' in any resource loader.
2026-02-23 18:19:15,385 - Velocimacro : error using  VM library template VM_global_library.vm : org.apache.velocity.exception.ResourceNotFoundException: Unable to find resource 'VM_global_library.vm'
2026-02-23 18:19:15,385 - Velocimacro :  VM library template macro registration complete.
2026-02-23 18:19:15,385 - Velocimacro : allowInline = true : VMs can be defined inline in templates
2026-02-23 18:19:15,385 - Velocimacro : allowInlineToOverride = false : VMs defined inline may NOT replace previous VM definitions
2026-02-23 18:19:15,385 - Velocimacro : allowInlineLocal = false : VMs defined inline will be  global in scope if allowed.
2026-02-23 18:19:15,385 - Velocimacro : messages on  : VM system will output logging messages
2026-02-23 18:19:15,385 - Velocimacro : autoload off  : VM system will not automatically reload global library macros
2026-02-23 18:19:15,385 - Velocimacro : initialization complete.
2026-02-23 18:19:15,385 - Velocity successfully started.
2026-02-23 18:19:43,690 - SimpleLog4JLogSystem initialized using logfile 'velocity.log'
2026-02-23 18:19:43,690 - ************************************************************** 
2026-02-23 18:19:43,690 - Starting Jakarta Velocity v1.4
2026-02-23 18:19:43,690 - RuntimeInstance initializing.
2026-02-23 18:19:43,690 - Default Properties File: org\apache\velocity\runtime\defaults\velocity.properties
2026-02-23 18:19:43,690 - Trying to use logger class org.apache.velocity.runtime.log.SimpleLog4JLogSystem
2026-02-23 18:19:43,690 - Using logger class org.apache.velocity.runtime.log.SimpleLog4JLogSystem
2026-02-23 18:19:43,690 - Default ResourceManager initializing. (class org.apache.velocity.runtime.resource.ResourceManagerImpl)
2026-02-23 18:19:43,690 - Resource Loader Instantiated: org.apache.velocity.runtime.resource.loader.ClasspathResourceLoader
2026-02-23 18:19:43,690 - ClasspathResourceLoader : initialization starting.
2026-02-23 18:19:43,690 - ClasspathResourceLoader : initialization complete.
2026-02-23 18:19:43,690 - ResourceCache : initialized. (class org.apache.velocity.runtime.resource.ResourceCacheImpl)
2026-02-23 18:19:43,690 - Default ResourceManager initialization complete.
2026-02-23 18:19:43,690 - Loaded System Directive: org.apache.velocity.runtime.directive.Literal
2026-02-23 18:19:43,690 - Loaded System Directive: org.apache.velocity.runtime.directive.Macro
2026-02-23 18:19:43,690 - Loaded System Directive: org.apache.velocity.runtime.directive.Parse
2026-02-23 18:19:43,690 - Loaded System Directive: org.apache.velocity.runtime.directive.Include
2026-02-23 18:19:43,706 - Loaded System Directive: org.apache.velocity.runtime.directive.Foreach
2026-02-23 18:19:43,721 - Created: 20 parsers.
2026-02-23 18:19:43,737 - Velocimacro : initialization starting.
2026-02-23 18:19:43,737 - Velocimacro : adding VMs from VM library template : VM_global_library.vm
2026-02-23 18:19:43,737 - ResourceManager : unable to find resource 'VM_global_library.vm' in any resource loader.
2026-02-23 18:19:43,737 - Velocimacro : error using  VM library template VM_global_library.vm : org.apache.velocity.exception.ResourceNotFoundException: Unable to find resource 'VM_global_library.vm'
2026-02-23 18:19:43,737 - Velocimacro :  VM library template macro registration complete.
2026-02-23 18:19:43,737 - Velocimacro : allowInline = true : VMs can be defined inline in templates
2026-02-23 18:19:43,737 - Velocimacro : allowInlineToOverride = false : VMs defined inline may NOT replace previous VM definitions
2026-02-23 18:19:43,737 - Velocimacro : allowInlineLocal = false : VMs defined inline will be  global in scope if allowed.
2026-02-23 18:19:43,737 - Velocimacro : messages on  : VM system will output logging messages
2026-02-23 18:19:43,737 - Velocimacro : autoload off  : VM system will not automatically reload global library macros
2026-02-23 18:19:43,737 - Velocimacro : initialization complete.
2026-02-23 18:19:43,737 - Velocity successfully started.
2026-02-23 22:01:37,069 - SimpleLog4JLogSystem initialized using logfile 'velocity.log'
2026-02-23 22:01:37,069 - ************************************************************** 
2026-02-23 22:01:37,069 - Starting Jakarta Velocity v1.4
2026-02-23 22:01:37,069 - RuntimeInstance initializing.
2026-02-23 22:01:37,069 - Default Properties File: org\apache\velocity\runtime\defaults\velocity.properties
2026-02-23 22:01:37,069 - Trying to use logger class org.apache.velocity.runtime.log.SimpleLog4JLogSystem
2026-02-23 22:01:37,070 - Using logger class org.apache.velocity.runtime.log.SimpleLog4JLogSystem
2026-02-23 22:01:37,072 - Default ResourceManager initializing. (class org.apache.velocity.runtime.resource.ResourceManagerImpl)
2026-02-23 22:01:37,074 - Resource Loader Instantiated: org.apache.velocity.runtime.resource.loader.ClasspathResourceLoader
2026-02-23 22:01:37,075 - ClasspathResourceLoader : initialization starting.
2026-02-23 22:01:37,075 - ClasspathResourceLoader : initialization complete.
2026-02-23 22:01:37,076 - ResourceCache : initialized. (class org.apache.velocity.runtime.resource.ResourceCacheImpl)
2026-02-23 22:01:37,076 - Default ResourceManager initialization complete.
2026-02-23 22:01:37,078 - Loaded System Directive: org.apache.velocity.runtime.directive.Literal
2026-02-23 22:01:37,079 - Loaded System Directive: org.apache.velocity.runtime.directive.Macro
2026-02-23 22:01:37,081 - Loaded System Directive: org.apache.velocity.runtime.directive.Parse
2026-02-23 22:01:37,083 - Loaded System Directive: org.apache.velocity.runtime.directive.Include
2026-02-23 22:01:37,084 - Loaded System Directive: org.apache.velocity.runtime.directive.Foreach
2026-02-23 22:01:37,112 - Created: 20 parsers.
2026-02-23 22:01:37,117 - Velocimacro : initialization starting.
2026-02-23 22:01:37,117 - Velocimacro : adding VMs from VM library template : VM_global_library.vm
2026-02-23 22:01:37,120 - ResourceManager : unable to find resource 'VM_global_library.vm' in any resource loader.
2026-02-23 22:01:37,120 - Velocimacro : error using  VM library template VM_global_library.vm : org.apache.velocity.exception.ResourceNotFoundException: Unable to find resource 'VM_global_library.vm'
2026-02-23 22:01:37,120 - Velocimacro :  VM library template macro registration complete.
2026-02-23 22:01:37,121 - Velocimacro : allowInline = true : VMs can be defined inline in templates
2026-02-23 22:01:37,121 - Velocimacro : allowInlineToOverride = false : VMs defined inline may NOT replace previous VM definitions
2026-02-23 22:01:37,121 - Velocimacro : allowInlineLocal = false : VMs defined inline will be  global in scope if allowed.
2026-02-23 22:01:37,121 - Velocimacro : messages on  : VM system will output logging messages
2026-02-23 22:01:37,121 - Velocimacro : autoload off  : VM system will not automatically reload global library macros
2026-02-23 22:01:37,121 - Velocimacro : initialization complete.
2026-02-23 22:01:37,121 - Velocity successfully started.
2026-02-23 22:02:57,332 - SimpleLog4JLogSystem initialized using logfile 'velocity.log'
2026-02-23 22:02:57,333 - ************************************************************** 
2026-02-23 22:02:57,333 - Starting Jakarta Velocity v1.4
2026-02-23 22:02:57,333 - RuntimeInstance initializing.
2026-02-23 22:02:57,333 - Default Properties File: org\apache\velocity\runtime\defaults\velocity.properties
2026-02-23 22:02:57,333 - Trying to use logger class org.apache.velocity.runtime.log.SimpleLog4JLogSystem
2026-02-23 22:02:57,333 - Using logger class org.apache.velocity.runtime.log.SimpleLog4JLogSystem
2026-02-23 22:02:57,336 - Default ResourceManager initializing. (class org.apache.velocity.runtime.resource.ResourceManagerImpl)
2026-02-23 22:02:57,338 - Resource Loader Instantiated: org.apache.velocity.runtime.resource.loader.ClasspathResourceLoader
2026-02-23 22:02:57,338 - ClasspathResourceLoader : initialization starting.
2026-02-23 22:02:57,338 - ClasspathResourceLoader : initialization complete.
2026-02-23 22:02:57,339 - ResourceCache : initialized. (class org.apache.velocity.runtime.resource.ResourceCacheImpl)
2026-02-23 22:02:57,340 - Default ResourceManager initialization complete.
2026-02-23 22:02:57,341 - Loaded System Directive: org.apache.velocity.runtime.directive.Literal
2026-02-23 22:02:57,343 - Loaded System Directive: org.apache.velocity.runtime.directive.Macro
2026-02-23 22:02:57,345 - Loaded System Directive: org.apache.velocity.runtime.directive.Parse
2026-02-23 22:02:57,347 - Loaded System Directive: org.apache.velocity.runtime.directive.Include
2026-02-23 22:02:57,348 - Loaded System Directive: org.apache.velocity.runtime.directive.Foreach
2026-02-23 22:02:57,375 - Created: 20 parsers.
2026-02-23 22:02:57,380 - Velocimacro : initialization starting.
2026-02-23 22:02:57,380 - Velocimacro : adding VMs from VM library template : VM_global_library.vm
2026-02-23 22:02:57,383 - ResourceManager : unable to find resource 'VM_global_library.vm' in any resource loader.
2026-02-23 22:02:57,383 - Velocimacro : error using  VM library template VM_global_library.vm : org.apache.velocity.exception.ResourceNotFoundException: Unable to find resource 'VM_global_library.vm'
2026-02-23 22:02:57,383 - Velocimacro :  VM library template macro registration complete.
2026-02-23 22:02:57,383 - Velocimacro : allowInline = true : VMs can be defined inline in templates
2026-02-23 22:02:57,383 - Velocimacro : allowInlineToOverride = false : VMs defined inline may NOT replace previous VM definitions
2026-02-23 22:02:57,383 - Velocimacro : allowInlineLocal = false : VMs defined inline will be  global in scope if allowed.
2026-02-23 22:02:57,383 - Velocimacro : messages on  : VM system will output logging messages
2026-02-23 22:02:57,383 - Velocimacro : autoload off  : VM system will not automatically reload global library macros
2026-02-23 22:02:57,383 - Velocimacro : initialization complete.
2026-02-23 22:02:57,383 - Velocity successfully started.
2026-02-24 10:07:03,896 - SimpleLog4JLogSystem initialized using logfile 'velocity.log'
2026-02-24 10:07:03,896 - ************************************************************** 
2026-02-24 10:07:03,896 - Starting Jakarta Velocity v1.4
2026-02-24 10:07:03,896 - RuntimeInstance initializing.
2026-02-24 10:07:03,896 - Default Properties File: org\apache\velocity\runtime\defaults\velocity.properties
2026-02-24 10:07:03,896 - Trying to use logger class org.apache.velocity.runtime.log.SimpleLog4JLogSystem
2026-02-24 10:07:03,897 - Using logger class org.apache.velocity.runtime.log.SimpleLog4JLogSystem
2026-02-24 10:07:03,899 - Default ResourceManager initializing. (class org.apache.velocity.runtime.resource.ResourceManagerImpl)
2026-02-24 10:07:03,901 - Resource Loader Instantiated: org.apache.velocity.runtime.resource.loader.ClasspathResourceLoader
2026-02-24 10:07:03,902 - ClasspathResourceLoader : initialization starting.
2026-02-24 10:07:03,902 - ClasspathResourceLoader : initialization complete.
2026-02-24 10:07:03,903 - ResourceCache : initialized. (class org.apache.velocity.runtime.resource.ResourceCacheImpl)
2026-02-24 10:07:03,903 - Default ResourceManager initialization complete.
2026-02-24 10:07:03,905 - Loaded System Directive: org.apache.velocity.runtime.directive.Literal
2026-02-24 10:07:03,906 - Loaded System Directive: org.apache.velocity.runtime.directive.Macro
2026-02-24 10:07:03,908 - Loaded System Directive: org.apache.velocity.runtime.directive.Parse
2026-02-24 10:07:03,910 - Loaded System Directive: org.apache.velocity.runtime.directive.Include
2026-02-24 10:07:03,911 - Loaded System Directive: org.apache.velocity.runtime.directive.Foreach
2026-02-24 10:07:03,939 - Created: 20 parsers.
2026-02-24 10:07:03,944 - Velocimacro : initialization starting.
2026-02-24 10:07:03,944 - Velocimacro : adding VMs from VM library template : VM_global_library.vm
2026-02-24 10:07:03,947 - ResourceManager : unable to find resource 'VM_global_library.vm' in any resource loader.
2026-02-24 10:07:03,947 - Velocimacro : error using  VM library template VM_global_library.vm : org.apache.velocity.exception.ResourceNotFoundException: Unable to find resource 'VM_global_library.vm'
2026-02-24 10:07:03,947 - Velocimacro :  VM library template macro registration complete.
2026-02-24 10:07:03,947 - Velocimacro : allowInline = true : VMs can be defined inline in templates
2026-02-24 10:07:03,947 - Velocimacro : allowInlineToOverride = false : VMs defined inline may NOT replace previous VM definitions
2026-02-24 10:07:03,948 - Velocimacro : allowInlineLocal = false : VMs defined inline will be  global in scope if allowed.
2026-02-24 10:07:03,948 - Velocimacro : messages on  : VM system will output logging messages
2026-02-24 10:07:03,948 - Velocimacro : autoload off  : VM system will not automatically reload global library macros
2026-02-24 10:07:03,948 - Velocimacro : initialization complete.
2026-02-24 10:07:03,948 - Velocity successfully started.
2026-02-24 14:12:54,923 - SimpleLog4JLogSystem initialized using logfile 'velocity.log'
2026-02-24 14:12:54,923 - ************************************************************** 
2026-02-24 14:12:54,923 - Starting Jakarta Velocity v1.4
2026-02-24 14:12:54,923 - RuntimeInstance initializing.
2026-02-24 14:12:54,923 - Default Properties File: org\apache\velocity\runtime\defaults\velocity.properties
2026-02-24 14:12:54,923 - Trying to use logger class org.apache.velocity.runtime.log.SimpleLog4JLogSystem
2026-02-24 14:12:54,923 - Using logger class org.apache.velocity.runtime.log.SimpleLog4JLogSystem
2026-02-24 14:12:54,923 - Default ResourceManager initializing. (class org.apache.velocity.runtime.resource.ResourceManagerImpl)
2026-02-24 14:12:54,923 - Resource Loader Instantiated: org.apache.velocity.runtime.resource.loader.ClasspathResourceLoader
2026-02-24 14:12:54,923 - ClasspathResourceLoader : initialization starting.
2026-02-24 14:12:54,923 - ClasspathResourceLoader : initialization complete.
2026-02-24 14:12:54,923 - ResourceCache : initialized. (class org.apache.velocity.runtime.resource.ResourceCacheImpl)
2026-02-24 14:12:54,923 - Default ResourceManager initialization complete.
2026-02-24 14:12:54,939 - Loaded System Directive: org.apache.velocity.runtime.directive.Literal
2026-02-24 14:12:54,939 - Loaded System Directive: org.apache.velocity.runtime.directive.Macro
2026-02-24 14:12:54,939 - Loaded System Directive: org.apache.velocity.runtime.directive.Parse
2026-02-24 14:12:54,939 - Loaded System Directive: org.apache.velocity.runtime.directive.Include
2026-02-24 14:12:54,939 - Loaded System Directive: org.apache.velocity.runtime.directive.Foreach
2026-02-24 14:12:54,970 - Created: 20 parsers.
2026-02-24 14:12:54,970 - Velocimacro : initialization starting.
2026-02-24 14:12:54,970 - Velocimacro : adding VMs from VM library template : VM_global_library.vm
2026-02-24 14:12:54,970 - ResourceManager : unable to find resource 'VM_global_library.vm' in any resource loader.
2026-02-24 14:12:54,970 - Velocimacro : error using  VM library template VM_global_library.vm : org.apache.velocity.exception.ResourceNotFoundException: Unable to find resource 'VM_global_library.vm'
2026-02-24 14:12:54,970 - Velocimacro :  VM library template macro registration complete.
2026-02-24 14:12:54,970 - Velocimacro : allowInline = true : VMs can be defined inline in templates
2026-02-24 14:12:54,970 - Velocimacro : allowInlineToOverride = false : VMs defined inline may NOT replace previous VM definitions
2026-02-24 14:12:54,970 - Velocimacro : allowInlineLocal = false : VMs defined inline will be  global in scope if allowed.
2026-02-24 14:12:54,970 - Velocimacro : messages on  : VM system will output logging messages
2026-02-24 14:12:54,970 - Velocimacro : autoload off  : VM system will not automatically reload global library macros
2026-02-24 14:12:54,970 - Velocimacro : initialization complete.
2026-02-24 14:12:54,970 - Velocity successfully started.
